Component: ARM Compiler 5.06 update 5 (build 528) Tool: armlink [4d35e2]

==============================================================================

Section Cross References

    startup_stm32f405xx.o(RESET) refers to startup_stm32f405xx.o(STACK) for __initial_sp
    startup_stm32f405xx.o(RESET) refers to startup_stm32f405xx.o(.text) for Reset_Handler
    startup_stm32f405xx.o(RESET) refers to stm32f4xx_it.o(i.NMI_Handler) for NMI_Handler
    startup_stm32f405xx.o(RESET) refers to stm32f4xx_it.o(i.HardFault_Handler) for HardFault_Handler
    startup_stm32f405xx.o(RESET) refers to stm32f4xx_it.o(i.MemManage_Handler) for MemManage_Handler
    startup_stm32f405xx.o(RESET) refers to stm32f4xx_it.o(i.BusFault_Handler) for BusFault_Handler
    startup_stm32f405xx.o(RESET) refers to stm32f4xx_it.o(i.UsageFault_Handler) for UsageFault_Handler
    startup_stm32f405xx.o(RESET) refers to stm32f4xx_it.o(i.SVC_Handler) for SVC_Handler
    startup_stm32f405xx.o(RESET) refers to stm32f4xx_it.o(i.DebugMon_Handler) for DebugMon_Handler
    startup_stm32f405xx.o(RESET) refers to stm32f4xx_it.o(i.PendSV_Handler) for PendSV_Handler
    startup_stm32f405xx.o(RESET) refers to stm32f4xx_it.o(i.SysTick_Handler) for SysTick_Handler
    startup_stm32f405xx.o(RESET) refers to stm32f4xx_it.o(i.DMA1_Stream5_IRQHandler) for DMA1_Stream5_IRQHandler
    startup_stm32f405xx.o(RESET) refers to stm32f4xx_it.o(i.CAN1_TX_IRQHandler) for CAN1_TX_IRQHandler
    startup_stm32f405xx.o(RESET) refers to stm32f4xx_it.o(i.CAN1_RX0_IRQHandler) for CAN1_RX0_IRQHandler
    startup_stm32f405xx.o(RESET) refers to stm32f4xx_it.o(i.TIM3_IRQHandler) for TIM3_IRQHandler
    startup_stm32f405xx.o(RESET) refers to stm32f4xx_it.o(i.USART2_IRQHandler) for USART2_IRQHandler
    startup_stm32f405xx.o(RESET) refers to stm32f4xx_it.o(i.DMA2_Stream1_IRQHandler) for DMA2_Stream1_IRQHandler
    startup_stm32f405xx.o(RESET) refers to stm32f4xx_it.o(i.CAN2_TX_IRQHandler) for CAN2_TX_IRQHandler
    startup_stm32f405xx.o(RESET) refers to stm32f4xx_it.o(i.CAN2_RX0_IRQHandler) for CAN2_RX0_IRQHandler
    startup_stm32f405xx.o(RESET) refers to stm32f4xx_it.o(i.USART6_IRQHandler) for USART6_IRQHandler
    startup_stm32f405xx.o(.text) refers to system_stm32f4xx.o(i.SystemInit) for SystemInit
    startup_stm32f405xx.o(.text) refers to entry.o(.ARM.Collect$$$$00000000) for __main
    main.o(i.HAL_TIM_PeriodElapsedCallback) refers to main.o(.data) for .data
    main.o(i.HAL_TIM_PeriodElapsedCallback) refers to canbus_task.o(.data) for count_left
    main.o(i.HAL_TIM_PeriodElapsedCallback) refers to canbus_task.o(.data) for closs_left
    main.o(i.HAL_TIM_PeriodElapsedCallback) refers to canbus_task.o(.data) for count_right
    main.o(i.HAL_TIM_PeriodElapsedCallback) refers to canbus_task.o(.data) for closs_right
    main.o(i.HAL_TIM_PeriodElapsedCallback) refers to chassis_task.o(.data) for Chassis_Ctrl
    main.o(i.HAL_TIM_PeriodElapsedCallback) refers to datascope_dp.o(.data) for Data_Scope_DP_Send
    main.o(i.HAL_UART_ErrorCallback) refers to packet.o(i.packet_decode) for packet_decode
    main.o(i.HAL_UART_ErrorCallback) refers to stm32f4xx_hal_uart.o(i.HAL_UART_Receive_DMA) for HAL_UART_Receive_DMA
    main.o(i.HAL_UART_ErrorCallback) refers to usart.o(.bss) for huart6
    main.o(i.HAL_UART_ErrorCallback) refers to main.o(.data) for .data
    main.o(i.HAL_UART_RxCpltCallback) refers to packet.o(i.packet_decode) for packet_decode
    main.o(i.HAL_UART_RxCpltCallback) refers to stm32f4xx_hal_uart.o(i.HAL_UART_Receive_DMA) for HAL_UART_Receive_DMA
    main.o(i.HAL_UART_RxCpltCallback) refers to main.o(.data) for .data
    main.o(i.HAL_UART_RxCpltCallback) refers to usart.o(.bss) for huart6
    main.o(i.Oled_flush) refers to oled_iic.o(i.OLED_ShowFloatNumber) for OLED_ShowFloatNumber
    main.o(i.Oled_flush) refers to oled_iic.o(i.oled_show_string) for oled_show_string
    main.o(i.Oled_flush) refers to main.o(.data) for .data
    main.o(i.Oled_flush) refers to imu_task.o(.bss) for IMU_Pitch
    main.o(i.Oled_flush) refers to canbus_task.o(.bss) for Commucation_Data
    main.o(i.SystemClock_Config) refers to memseta.o(.text) for __aeabi_memclr4
    main.o(i.SystemClock_Config) refers to stm32f4xx_hal_rcc.o(i.HAL_RCC_OscConfig) for HAL_RCC_OscConfig
    main.o(i.SystemClock_Config) refers to stm32f4xx_hal_rcc.o(i.HAL_RCC_ClockConfig) for HAL_RCC_ClockConfig
    main.o(i.main) refers to stm32f4xx_hal.o(i.HAL_Init) for HAL_Init
    main.o(i.main) refers to main.o(i.SystemClock_Config) for SystemClock_Config
    main.o(i.main) refers to gpio.o(i.MX_GPIO_Init) for MX_GPIO_Init
    main.o(i.main) refers to dma.o(i.MX_DMA_Init) for MX_DMA_Init
    main.o(i.main) refers to can.o(i.MX_CAN1_Init) for MX_CAN1_Init
    main.o(i.main) refers to can.o(i.MX_CAN2_Init) for MX_CAN2_Init
    main.o(i.main) refers to tim.o(i.MX_TIM3_Init) for MX_TIM3_Init
    main.o(i.main) refers to i2c.o(i.MX_I2C3_Init) for MX_I2C3_Init
[...]
    .text                                    0x080002a8   Section       36  init.o(.text)
    .text                                    0x080002cc   Section        0  __dczerorl2.o(.text)
    ccmram                                   0x08000322   Section        0  balance_ctrl.o(ccmram)
    i.BusFault_Handler                       0x08000326   Section        0  stm32f4xx_it.o(i.BusFault_Handler)
    i.CAN1_RX0_IRQHandler                    0x08000328   Section        0  stm32f4xx_it.o(i.CAN1_RX0_IRQHandler)
    i.CAN1_TX_IRQHandler                     0x08000334   Section        0  stm32f4xx_it.o(i.CAN1_TX_IRQHandler)
    i.CAN2_RX0_IRQHandler                    0x08000340   Section        0  stm32f4xx_it.o(i.CAN2_RX0_IRQHandler)
    i.CAN2_TX_IRQHandler                     0x0800034c   Section        0  stm32f4xx_it.o(i.CAN2_TX_IRQHandler)
    i.CANFilterInit                          0x08000358   Section        0  canbus_task.o(i.CANFilterInit)
    i.Callback_RC_Handle                     0x080003b0   Section        0  rc_task.o(i.Callback_RC_Handle)
    i.CharToFloat                            0x08000480   Section        0  user_lib.o(i.CharToFloat)
    i.DMA1_Stream5_IRQHandler                0x08000494   Section        0  stm32f4xx_it.o(i.DMA1_Stream5_IRQHandler)
    i.DMA2_Stream1_IRQHandler                0x080004a0   Section        0  stm32f4xx_it.o(i.DMA2_Stream1_IRQHandler)
    i.DMA_CalcBaseAndBitshift                0x080004ac   Section        0  stm32f4xx_hal_dma.o(i.DMA_CalcBaseAndBitshift)
    DMA_CalcBaseAndBitshift                  0x080004ad   Thumb Code    34  stm32f4xx_hal_dma.o(i.DMA_CalcBaseAndBitshift)
    i.DMA_CheckFifoParam                     0x080004d4   Section        0  stm32f4xx_hal_dma.o(i.DMA_CheckFifoParam)
    DMA_CheckFifoParam                       0x080004d5   Thumb Code    84  stm32f4xx_hal_dma.o(i.DMA_CheckFifoParam)
    i.DMA_SetConfig                          0x08000528   Section        0  stm32f4xx_hal_dma.o(i.DMA_SetConfig)
    DMA_SetConfig                            0x08000529   Thumb Code    40  stm32f4xx_hal_dma.o(i.DMA_SetConfig)
    i.DataScope                              0x08000550   Section        0  datascope_dp.o(i.DataScope)
    i.DataScope_Data_Generate                0x0800063c   Section        0  datascope_dp.o(i.DataScope_Data_Generate)
    i.DataScope_Get_Channel_Data             0x080006bc   Section        0  datascope_dp.o(i.DataScope_Get_Channel_Data)
    i.DebugMon_Handler                       0x08000714   Section        0  stm32f4xx_it.o(i.DebugMon_Handler)
    i.Error_Handler                          0x08000716   Section        0  main.o(i.Error_Handler)
    i.Float2Byte                             0x08000718   Section        0  datascope_dp.o(i.Float2Byte)
    i.GetGimbalMeasure                       0x0800072c   Section        0  canbus_task.o(i.GetGimbalMeasure)
    i.GetImuAngle                            0x08000778   Section        0  imu_task.o(i.GetImuAngle)
    i.GetMotorMeasure                        0x0800087c   Section        0  canbus_task.o(i.GetMotorMeasure)
    i.GetMotorOffset                         0x080008dc   Section        0  canbus_task.o(i.GetMotorOffset)
    i.GetMotorPID                            0x080008e6   Section        0  canbus_task.o(i.GetMotorPID)
    i.GetMotorstate                          0x08000900   Section        0  canbus_task.o(i.GetMotorstate)
    i.HAL_CAN_ActivateNotification           0x0800091c   Section        0  stm32f4xx_hal_can.o(i.HAL_CAN_ActivateNotification)
    i.HAL_CAN_AddTxMessage                   0x08000940   Section        0  stm32f4xx_hal_can.o(i.HAL_CAN_AddTxMessage)
    i.HAL_CAN_ConfigFilter                   0x08000a08   Section        0  stm32f4xx_hal_can.o(i.HAL_CAN_ConfigFilter)
    i.HAL_CAN_ErrorCallback                  0x08000b14   Section        0  stm32f4xx_hal_can.o(i.HAL_CAN_ErrorCallback)
    i.HAL_CAN_GetRxMessage                   0x08000b16   Section        0  stm32f4xx_hal_can.o(i.HAL_CAN_GetRxMessage)
    i.HAL_CAN_IRQHandler                     0x08000bfe   Section        0  stm32f4xx_hal_can.o(i.HAL_CAN_IRQHandler)
    i.HAL_CAN_Init                           0x08000dfa   Section        0  stm32f4xx_hal_can.o(i.HAL_CAN_Init)
    i.HAL_CAN_MspInit                        0x08000f14   Section        0  can.o(i.HAL_CAN_MspInit)
    i.HAL_CAN_RxFifo0FullCallback            0x08001034   Section        0  stm32f4xx_hal_can.o(i.HAL_CAN_RxFifo0FullCallback)
    i.HAL_CAN_RxFifo0MsgPendingCallback      0x08001038   Section        0  canbus_task.o(i.HAL_CAN_RxFifo0MsgPendingCallback)
    i.HAL_CAN_RxFifo1FullCallback            0x08001140   Section        0  stm32f4xx_hal_can.o(i.HAL_CAN_RxFifo1FullCallback)
    i.HAL_CAN_RxFifo1MsgPendingCallback      0x08001142   Section        0  stm32f4xx_hal_can.o(i.HAL_CAN_RxFifo1MsgPendingCallback)
    i.HAL_CAN_SleepCallback                  0x08001144   Section        0  stm32f4xx_hal_can.o(i.HAL_CAN_SleepCallback)
    i.HAL_CAN_Start                          0x08001148   Section        0  stm32f4xx_hal_can.o(i.HAL_CAN_Start)
    i.HAL_CAN_TxMailbox0AbortCallback        0x080011a0   Section        0  stm32f4xx_hal_can.o(i.HAL_CAN_TxMailbox0AbortCallback)
    i.HAL_CAN_TxMailbox0CompleteCallback     0x080011a2   Section        0  stm32f4xx_hal_can.o(i.HAL_CAN_TxMailbox0CompleteCallback)
    i.HAL_CAN_TxMailbox1AbortCallback        0x080011a4   Section        0  stm32f4xx_hal_can.o(i.HAL_CAN_TxMailbox1AbortCallback)
    i.HAL_CAN_TxMailbox1CompleteCallback     0x080011a6   Section        0  stm32f4xx_hal_can.o(i.HAL_CAN_TxMailbox1CompleteCallback)
    i.HAL_CAN_TxMailbox2AbortCallback        0x080011a8   Section        0  stm32f4xx_hal_can.o(i.HAL_CAN_TxMailbox2AbortCallback)
    i.HAL_CAN_TxMailbox2CompleteCallback     0x080011aa   Section        0  stm32f4xx_hal_can.o(i.HAL_CAN_TxMailbox2CompleteCallback)
    i.HAL_CAN_WakeUpFromRxMsgCallback        0x080011ac   Section        0  stm32f4xx_hal_can.o(i.HAL_CAN_WakeUpFromRxMsgCallback)
    i.HAL_DMA_Abort_IT                       0x080011ae   Section        0  stm32f4xx_hal_dma.o(i.HAL_DMA_Abort_IT)
    i.HAL_DMA_IRQHandler                     0x080011d4   Section        0  stm32f4xx_hal_dma.o(i.HAL_DMA_IRQHandler)
    i.HAL_DMA_Init                           0x08001374   Section        0  stm32f4xx_hal_dma.o(i.HAL_DMA_Init)
    i.HAL_DMA_Start                          0x08001448   Section        0  stm32f4xx_hal_dma.o(i.HAL_DMA_Start)
    i.HAL_DMA_Start_IT                       0x0800148e   Section        0  stm32f4xx_hal_dma.o(i.HAL_DMA_Start_IT)
    i.HAL_Delay                              0x080014fc   Section        0  stm32f4xx_hal.o(i.HAL_Delay)
    i.HAL_GPIO_Init                          0x08001520   Section        0  stm32f4xx_hal_gpio.o(i.HAL_GPIO_Init)
    i.HAL_GPIO_TogglePin                     0x080016d8   Section        0  stm32f4xx_hal_gpio.o(i.HAL_GPIO_TogglePin)
    i.HAL_GPIO_WritePin                      0x080016e6   Section        0  stm32f4xx_hal_gpio.o(i.HAL_GPIO_WritePin)
    i.HAL_GetTick                            0x080016f0   Section        0  stm32f4xx_hal.o(i.HAL_GetTick)
    i.HAL_I2C_Init                           0x080016fc   Section        0  stm32f4xx_hal_i2c.o(i.HAL_I2C_Init)
    i.HAL_I2C_Mem_Write                      0x08001884   Section        0  stm32f4xx_hal_i2c.o(i.HAL_I2C_Mem_Write)
    i.HAL_I2C_MspInit                        0x080019b4   Section        0  i2c.o(i.HAL_I2C_MspInit)
    i.HAL_IncTick                            0x08001a3c   Section        0  stm32f4xx_hal.o(i.HAL_IncTick)
    i.HAL_Init                               0x08001a4c   Section        0  stm32f4xx_hal.o(i.HAL_Init)
    i.HAL_InitTick                           0x08001a80   Section        0  stm32f4xx_hal.o(i.HAL_InitTick)
    i.HAL_MspInit                            0x08001ac0   Section        0  stm32f4xx_hal_msp.o(i.HAL_MspInit)
    i.HAL_NVIC_EnableIRQ                     0x08001af0   Section        0  stm32f4xx_hal_cortex.o(i.HAL_NVIC_EnableIRQ)
    i.HAL_NVIC_SetPriority                   0x08001b0c   Section        0  stm32f4xx_hal_cortex.o(i.HAL_NVIC_SetPriority)
    i.HAL_NVIC_SetPriorityGrouping           0x08001b4c   Section        0  stm32f4xx_hal_cortex.o(i.HAL_NVIC_SetPriorityGrouping)
    i.HAL_RCC_ClockConfig                    0x08001b70   Section        0  stm32f4xx_hal_rcc.o(i.HAL_RCC_ClockConfig)
    i.HAL_RCC_GetPCLK1Freq                   0x08001ca4   Section        0  stm32f4xx_hal_rcc.o(i.HAL_RCC_GetPCLK1Freq)
    i.HAL_RCC_GetPCLK2Freq                   0x08001cc4   Section        0  stm32f4xx_hal_rcc.o(i.HAL_RCC_GetPCLK2Freq)
    i.HAL_RCC_GetSysClockFreq                0x08001ce4   Section        0  stm32f4xx_hal_rcc.o(i.HAL_RCC_GetSysClockFreq)
    i.HAL_RCC_OscConfig                      0x08001d44   Section        0  stm32f4xx_hal_rcc.o(i.HAL_RCC_OscConfig)
    i.HAL_SYSTICK_Config                     0x080020a0   Section        0  stm32f4xx_hal_cortex.o(i.HAL_SYSTICK_Config)
    i.HAL_TIMEx_BreakCallback                0x080020c8   Section        0  stm32f4xx_hal_tim_ex.o(i.HAL_TIMEx_BreakCallback)
    i.HAL_TIMEx_CommutCallback               0x080020ca   Section        0  stm32f4xx_hal_tim_ex.o(i.HAL_TIMEx_CommutCallback)
    i.HAL_TIMEx_MasterConfigSynchronization  0x080020cc   Section        0  stm32f4xx_hal_tim_ex.o(i.HAL_TIMEx_MasterConfigSynchronization)
    i.HAL_TIM_Base_Init                      0x0800215c   Section        0  stm32f4xx_hal_tim.o(i.HAL_TIM_Base_Init)
    i.HAL_TIM_Base_MspInit                   0x08002194   Section        0  tim.o(i.HAL_TIM_Base_MspInit)
    i.HAL_TIM_Base_Start_IT                  0x080021d0   Section        0  stm32f4xx_hal_tim.o(i.HAL_TIM_Base_Start_IT)
    i.HAL_TIM_ConfigClockSource              0x080021f2   Section        0  stm32f4xx_hal_tim.o(i.HAL_TIM_ConfigClockSource)
    i.HAL_TIM_IC_CaptureCallback             0x080022c8   Section        0  stm32f4xx_hal_tim.o(i.HAL_TIM_IC_CaptureCallback)
    i.HAL_TIM_IRQHandler                     0x080022ca   Section        0  stm32f4xx_hal_tim.o(i.HAL_TIM_IRQHandler)
    i.HAL_TIM_OC_DelayElapsedCallback        0x08002430   Section        0  stm32f4xx_hal_tim.o(i.HAL_TIM_OC_DelayElapsedCallback)
    i.HAL_TIM_PWM_PulseFinishedCallback      0x08002432   Section        0  stm32f4xx_hal_tim.o(i.HAL_TIM_PWM_PulseFinishedCallback)
    i.HAL_TIM_PeriodElapsedCallback          0x08002434   Section        0  main.o(i.HAL_TIM_PeriodElapsedCallback)
    i.HAL_TIM_TriggerCallback                0x080024b0   Section        0  stm32f4xx_hal_tim.o(i.HAL_TIM_TriggerCallback)
    i.HAL_UART_ErrorCallback                 0x080024b4   Section        0  main.o(i.HAL_UART_ErrorCallback)
    i.HAL_UART_IDLE_IRQHandler               0x080024e4   Section        0  rc_task.o(i.HAL_UART_IDLE_IRQHandler)
    i.HAL_UART_IRQHandler                    0x080025c4   Section        0  stm32f4xx_hal_uart.o(i.HAL_UART_IRQHandler)
    i.HAL_UART_Init                          0x080026d8   Section        0  stm32f4xx_hal_uart.o(i.HAL_UART_Init)
    i.HAL_UART_MspInit                       0x0800273c   Section        0  usart.o(i.HAL_UART_MspInit)
    i.HAL_UART_Receive_DMA                   0x08002900   Section        0  stm32f4xx_hal_uart.o(i.HAL_UART_Receive_DMA)
    i.HAL_UART_Receive_IT_IDLE               0x08002998   Section        0  rc_task.o(i.HAL_UART_Receive_IT_IDLE)
    i.HAL_UART_RxCpltCallback                0x080029ac   Section        0  main.o(i.HAL_UART_RxCpltCallback)
    i.HAL_UART_RxHalfCpltCallback            0x080029dc   Section        0  stm32f4xx_hal_uart.o(i.HAL_UART_RxHalfCpltCallback)
    i.HAL_UART_TxCpltCallback                0x080029de   Section        0  stm32f4xx_hal_uart.o(i.HAL_UART_TxCpltCallback)
    i.HardFault_Handler                      0x080029e0   Section        0  stm32f4xx_it.o(i.HardFault_Handler)
    i.I2C_IsAcknowledgeFailed                0x080029e2   Section        0  stm32f4xx_hal_i2c.o(i.I2C_IsAcknowledgeFailed)
    I2C_IsAcknowledgeFailed                  0x080029e3   Thumb Code    46  stm32f4xx_hal_i2c.o(i.I2C_IsAcknowledgeFailed)
    i.I2C_RequestMemoryWrite                 0x08002a10   Section        0  stm32f4xx_hal_i2c.o(i.I2C_RequestMemoryWrite)
    I2C_RequestMemoryWrite                   0x08002a11   Thumb Code   162  stm32f4xx_hal_i2c.o(i.I2C_RequestMemoryWrite)
    i.I2C_WaitOnBTFFlagUntilTimeout          0x08002ab8   Section        0  stm32f4xx_hal_i2c.o(i.I2C_WaitOnBTFFlagUntilTimeout)
    I2C_WaitOnBTFFlagUntilTimeout            0x08002ab9   Thumb Code    76  stm32f4xx_hal_i2c.o(i.I2C_WaitOnBTFFlagUntilTimeout)
    i.I2C_WaitOnFlagUntilTimeout             0x08002b04   Section        0  stm32f4xx_hal_i2c.o(i.I2C_WaitOnFlagUntilTimeout)
    I2C_WaitOnFlagUntilTimeout               0x08002b05   Thumb Code   104  stm32f4xx_hal_i2c.o(i.I2C_WaitOnFlagUntilTimeout)
    i.I2C_WaitOnMasterAddressFlagUntilTimeout 0x08002b6c   Section        0  stm32f4xx_hal_i2c.o(i.I2C_WaitOnMasterAddressFlagUntilTimeout)
    I2C_WaitOnMasterAddressFlagUntilTimeout  0x08002b6d   Thumb Code   150  stm32f4xx_hal_i2c.o(i.I2C_WaitOnMasterAddressFlagUntilTimeout)
    i.I2C_WaitOnTXEFlagUntilTimeout          0x08002c02   Section        0  stm32f4xx_hal_i2c.o(i.I2C_WaitOnTXEFlagUntilTimeout)
    I2C_WaitOnTXEFlagUntilTimeout            0x08002c03   Thumb Code    76  stm32f4xx_hal_i2c.o(i.I2C_WaitOnTXEFlagUntilTimeout)
    i.Interact_check                         0x08002c50   Section        0  chassis_task.o(i.Interact_check)
    Interact_check                           0x08002c51   Thumb Code    76  chassis_task.o(i.Interact_check)
    i.MX_CAN1_Init                           0x08002ca8   Section        0  can.o(i.MX_CAN1_Init)
    i.MX_CAN2_Init                           0x08002cec   Section        0  can.o(i.MX_CAN2_Init)
    i.MX_DMA_Init                            0x08002d30   Section        0  dma.o(i.MX_DMA_Init)
    i.MX_GPIO_Init                           0x08002d7c   Section        0  gpio.o(i.MX_GPIO_Init)
    i.MX_I2C3_Init                           0x08002e24   Section        0  i2c.o(i.MX_I2C3_Init)
    i.MX_TIM3_Init                           0x08002e64   Section        0  tim.o(i.MX_TIM3_Init)
    i.MX_UART4_Init                          0x08002ecc   Section        0  usart.o(i.MX_UART4_Init)
    i.MX_USART1_UART_Init                    0x08002f04   Section        0  usart.o(i.MX_USART1_UART_Init)
    i.MX_USART2_UART_Init                    0x08002f3c   Section        0  usart.o(i.MX_USART2_UART_Init)
    i.MX_USART6_UART_Init                    0x08002f78   Section        0  usart.o(i.MX_USART6_UART_Init)
    i.MemManage_Handler                      0x08002fb0   Section        0  stm32f4xx_it.o(i.MemManage_Handler)
    i.NMI_Handler                            0x08002fb2   Section        0  stm32f4xx_it.o(i.NMI_Handler)
    i.OLED_ShowFloatNumber                   0x08002fb4   Section        0  oled_iic.o(i.OLED_ShowFloatNumber)
    i.Oled_flush                             0x080030d0   Section        0  main.o(i.Oled_flush)
    Oled_flush                               0x080030d1   Thumb Code   104  main.o(i.Oled_flush)
    i.PARAM_Pid_init                         0x08003154   Section        0  balance_cal.o(i.PARAM_Pid_init)
    i.PID_struct_init                        0x0800321c   Section        0  pid.o(i.PID_struct_init)
    i.PendSV_Handler                         0x0800322c   Section        0  stm32f4xx_it.o(i.PendSV_Handler)
    i.SVC_Handler                            0x0800322e   Section        0  stm32f4xx_it.o(i.SVC_Handler)
    i.SetMotorPid_RAM                        0x08003230   Section        0  canbus_task.o(i.SetMotorPid_RAM)
    i.SetMotoriq                             0x0800327c   Section        0  canbus_task.o(i.SetMotoriq)
    i.SysTick_Handler                        0x080032c4   Section        0  stm32f4xx_it.o(i.SysTick_Handler)
    i.SystemClock_Config                     0x080032c8   Section        0  main.o(i.SystemClock_Config)
    i.SystemInit                             0x0800334c   Section        0  system_stm32f4xx.o(i.SystemInit)
    i.TIM3_IRQHandler                        0x08003368   Section        0  stm32f4xx_it.o(i.TIM3_IRQHandler)
    i.TIM_Base_SetConfig                     0x08003374   Section        0  stm32f4xx_hal_tim.o(i.TIM_Base_SetConfig)
    i.TIM_ETR_SetConfig                      0x0800343c   Section        0  stm32f4xx_hal_tim.o(i.TIM_ETR_SetConfig)
    i.TIM_ITRx_SetConfig                     0x08003450   Section        0  stm32f4xx_hal_tim.o(i.TIM_ITRx_SetConfig)
    TIM_ITRx_SetConfig                       0x08003451   Thumb Code    16  stm32f4xx_hal_tim.o(i.TIM_ITRx_SetConfig)
    i.TIM_TI1_ConfigInputStage               0x08003460   Section        0  stm32f4xx_hal_tim.o(i.TIM_TI1_ConfigInputStage)
    TIM_TI1_ConfigInputStage                 0x08003461   Thumb Code    34  stm32f4xx_hal_tim.o(i.TIM_TI1_ConfigInputStage)
    i.TIM_TI2_ConfigInputStage               0x08003482   Section        0  stm32f4xx_hal_tim.o(i.TIM_TI2_ConfigInputStage)
    TIM_TI2_ConfigInputStage                 0x08003483   Thumb Code    36  stm32f4xx_hal_tim.o(i.TIM_TI2_ConfigInputStage)
    i.UART_DMAAbortOnError                   0x080034a6   Section        0  stm32f4xx_hal_uart.o(i.UART_DMAAbortOnError)
    UART_DMAAbortOnError                     0x080034a7   Thumb Code    16  stm32f4xx_hal_uart.o(i.UART_DMAAbortOnError)
    i.UART_DMAError                          0x080034b6   Section        0  stm32f4xx_hal_uart.o(i.UART_DMAError)
    UART_DMAError                            0x080034b7   Thumb Code    74  stm32f4xx_hal_uart.o(i.UART_DMAError)
    i.UART_DMAReceiveCplt                    0x08003500   Section        0  stm32f4xx_hal_uart.o(i.UART_DMAReceiveCplt)
    UART_DMAReceiveCplt                      0x08003501   Thumb Code    60  stm32f4xx_hal_uart.o(i.UART_DMAReceiveCplt)
    i.UART_DMARxHalfCplt                     0x0800353c   Section        0  stm32f4xx_hal_uart.o(i.UART_DMARxHalfCplt)
    UART_DMARxHalfCplt                       0x0800353d   Thumb Code    10  stm32f4xx_hal_uart.o(i.UART_DMARxHalfCplt)
    i.UART_EndRxTransfer                     0x08003546   Section        0  stm32f4xx_hal_uart.o(i.UART_EndRxTransfer)
    UART_EndRxTransfer                       0x08003547   Thumb Code    28  stm32f4xx_hal_uart.o(i.UART_EndRxTransfer)
    i.UART_EndTxTransfer                     0x08003562   Section        0  stm32f4xx_hal_uart.o(i.UART_EndTxTransfer)
    UART_EndTxTransfer                       0x08003563   Thumb Code    18  stm32f4xx_hal_uart.o(i.UART_EndTxTransfer)
    i.UART_Receive_DMA_NoIT                  0x08003574   Section        0  rc_task.o(i.UART_Receive_DMA_NoIT)
    i.UART_Receive_IT                        0x080035ec   Section        0  stm32f4xx_hal_uart.o(i.UART_Receive_IT)
    UART_Receive_IT                          0x080035ed   Thumb Code   150  stm32f4xx_hal_uart.o(i.UART_Receive_IT)
    i.UART_SetConfig                         0x08003684   Section        0  stm32f4xx_hal_uart.o(i.UART_SetConfig)
    UART_SetConfig                           0x08003685   Thumb Code   286  stm32f4xx_hal_uart.o(i.UART_SetConfig)
    i.UART_Transmit_IT                       0x080037ac   Section        0  stm32f4xx_hal_uart.o(i.UART_Transmit_IT)
    UART_Transmit_IT                         0x080037ad   Thumb Code    98  stm32f4xx_hal_uart.o(i.UART_Transmit_IT)
    i.USART2_IRQHandler                      0x08003810   Section        0  stm32f4xx_it.o(i.USART2_IRQHandler)
    i.USART6_IRQHandler                      0x0800381c   Section        0  stm32f4xx_it.o(i.USART6_IRQHandler)
    i.UsageFault_Handler                     0x08003828   Section        0  stm32f4xx_it.o(i.UsageFault_Handler)
    i.__NVIC_SetPriority                     0x0800382a   Section        0  stm32f4xx_hal_cortex.o(i.__NVIC_SetPriority)
    __NVIC_SetPriority                       0x0800382b   Thumb Code    32  stm32f4xx_hal_cortex.o(i.__NVIC_SetPriority)
    i.__scatterload_copy                     0x0800384a   Section       14  handlers.o(i.__scatterload_copy)
    i.__scatterload_null                     0x08003858   Section        2  handlers.o(i.__scatterload_null)
    i.__scatterload_zeroinit                 0x0800385a   Section       14  handlers.o(i.__scatterload_zeroinit)
    i.chassis_balance_static                 0x08003868   Section        0  balance_cal.o(i.chassis_balance_static)
    i.chassis_state_update                   0x080038dc   Section        0  chassis_task.o(i.chassis_state_update)
    chassis_state_update                     0x080038dd   Thumb Code   102  chassis_task.o(i.chassis_state_update)
    i.chassis_task                           0x08003968   Section        0  chassis_task.o(i.chassis_task)
    i.crc16_update                           0x08003988   Section        0  packet.o(i.crc16_update)
    crc16_update                             0x08003989   Thumb Code    46  packet.o(i.crc16_update)
    i.imu_data_decode_init                   0x080039b8   Section        0  imu_data_decode.o(i.imu_data_decode_init)
    i.main                                   0x080039d0   Section        0  main.o(i.main)
    i.oled_cls                               0x08003b80   Section        0  oled_iic.o(i.oled_cls)
    i.oled_cmd                               0x08003b88   Section        0  oled_iic.o(i.oled_cmd)
    oled_cmd                                 0x08003b89   Thumb Code    30  oled_iic.o(i.oled_cmd)
    i.oled_data                              0x08003bac   Section        0  oled_iic.o(i.oled_data)
    oled_data                                0x08003bad   Thumb Code    30  oled_iic.o(i.oled_data)
    i.oled_display_char                      0x08003bd0   Section        0  oled_iic.o(i.oled_display_char)
    i.oled_drawBMP                           0x08003c58   Section        0  oled_iic.o(i.oled_drawBMP)
    i.oled_full                              0x08003c98   Section        0  oled_iic.o(i.oled_full)
    i.oled_init                              0x08003cd0   Section        0  oled_iic.o(i.oled_init)
    i.oled_pow                               0x08003d8a   Section        0  oled_iic.o(i.oled_pow)
    i.oled_setPos                            0x08003d9a   Section        0  oled_iic.o(i.oled_setPos)
    oled_setPos                              0x08003d9b   Thumb Code    38  oled_iic.o(i.oled_setPos)
    i.oled_showNum                           0x08003dc0   Section        0  oled_iic.o(i.oled_showNum)
    i.oled_show_string                       0x08003e20   Section        0  oled_iic.o(i.oled_show_string)
    i.on_data_received                       0x08003ef8   Section        0  imu_data_decode.o(i.on_data_received)
    on_data_received                         0x08003ef9   Thumb Code   582  imu_data_decode.o(i.on_data_received)
    i.packet_decode                          0x08004150   Section        0  packet.o(i.packet_decode)
    i.packet_decode_init                     0x08004214   Section        0  packet.o(i.packet_decode_init)
    i.pid_param_init                         0x0800422c   Section        0  pid.o(i.pid_param_init)
    pid_param_init                           0x0800422d   Thumb Code    18  pid.o(i.pid_param_init)
    i.remote_control_current                 0x08004240   Section        0  chassis_task.o(i.remote_control_current)
    remote_control_current                   0x08004241   Thumb Code    80  chassis_task.o(i.remote_control_current)
    i.sen_can_comu_1                         0x080042a4   Section        0  canbus_task.o(i.sen_can_comu_1)
    i.sen_can_comu_2                         0x080042ec   Section        0  canbus_task.o(i.sen_can_comu_2)
    i.stream2int16                           0x08004334   Section        0  imu_data_decode.o(i.stream2int16)
    stream2int16                             0x08004335   Thumb Code    22  imu_data_decode.o(i.stream2int16)
    .constdata                               0x0800434a   Section        8  stm32f4xx_hal_dma.o(.constdata)
    flagBitshiftOffset                       0x0800434a   Data           8  stm32f4xx_hal_dma.o(.constdata)
    .constdata                               0x08004352   Section       16  system_stm32f4xx.o(.constdata)
    .constdata                               0x08004362   Section        8  system_stm32f4xx.o(.constdata)
    .constdata                               0x0800436a   Section     2072  oled_iic.o(.constdata)
    .data                                    0x20000000   Section     1030  main.o(.data)
    ms                                       0x20000000   Data           1  main.o(.data)
    ms50                                     0x20000004   Data           2  main.o(.data)
    .data                                    0x20000408   Section        4  can.o(.data)
    HAL_RCC_CAN1_CLK_ENABLED                 0x20000408   Data           4  can.o(.data)
    .data                                    0x2000040c   Section       12  stm32f4xx_hal.o(.data)
    .data                                    0x20000418   Section        4  system_stm32f4xx.o(.data)
    .data                                    0x2000041c   Section        1  datascope_dp.o(.data)
    .data                                    0x20000420   Section       12  balance_cal.o(.data)
    output                                   0x20000420   Data           4  balance_cal.o(.data)
    .data                                    0x2000042c   Section        2  balance_ctrl.o(.data)
    .data                                    0x2000042e   Section        2  balance_ctrl.o(.data)
    .data                                    0x20000430   Section        2  canbus_task.o(.data)
    .data                                    0x20000432   Section        2  canbus_task.o(.data)
    .data                                    0x20000434   Section        1  canbus_task.o(.data)
    .data                                    0x20000435   Section        1  canbus_task.o(.data)
    .data                                    0x20000436   Section        2  canbus_task.o(.data)
    can_cnt                                  0x20000436   Data           2  canbus_task.o(.data)
    .data                                    0x20000438   Section       12  chassis_task.o(.data)
    .data                                    0x20000444   Section        1  imu_data_decode.o(.data)
    .data                                    0x20000448   Section        8  imu_task.o(.data)
    .data                                    0x20000450   Section       24  packet.o(.data)
    status                                   0x20000450   Data           1  packet.o(.data)
    CRCReceived                              0x20000452   Data           2  packet.o(.data)
    CRCCalculated                            0x20000454   Data           2  packet.o(.data)
    crc_header                               0x20000456   Data           4  packet.o(.data)
    event_handler                            0x20000460   Data           4  packet.o(.data)
    RxPkt                                    0x20000464   Data           4  packet.o(.data)
    .bss                                     0x20000468   Section       80  can.o(.bss)
    .bss                                     0x200004b8   Section       84  i2c.o(.bss)
    .bss                                     0x2000050c   Section       64  tim.o(.bss)
    .bss                                     0x2000054c   Section      448  usart.o(.bss)
    .bss                                     0x2000070c   Section       42  datascope_dp.o(.bss)
    .bss                                     0x20000738   Section      520  balance_cal.o(.bss)
    .bss                                     0x20000940   Section       22  rc_task.o(.bss)
    .bss                                     0x20000956   Section      100  rc_task.o(.bss)
    .bss                                     0x200009bc   Section      180  canbus_task.o(.bss)
    .bss                                     0x20000a70   Section     3187  imu_data_decode.o(.bss)
    RxPkt                                    0x20000a70   Data        2060  imu_data_decode.o(.bss)
    .bss                                     0x200016e4   Section       44  imu_task.o(.bss)
    .bss                                     0x20001710   Section       44  imu_task.o(.bss)
    .bss                                     0x2000173c   Section       44  imu_task.o(.bss)
    STACK                                    0x20001768   Section     1024  startup_stm32f405xx.o(STACK)

    Global Symbols

    Symbol Name                              Value     Ov Type        Size  Object(Section)

    BuildAttributes$$THM_ISAv4$E$P$D$K$B$S$7EM$VFPi3$EXTD16$VFPS$VFMA$PE$A:L22UL41UL21$X:L11$S22US41US21$IEEE1$IW$USESV6$~STKCKD$USESV7$~SHL$OSPACE$EBA8$MICROLIB$REQ8$PRES8$EABIv2 0x00000000   Number         0  anon$$obj.o ABSOLUTE
    __ARM_use_no_argv                        0x00000000   Number         0  main.o ABSOLUTE
    __cpp_initialize__aeabi_                  - Undefined Weak Reference
    __cxa_finalize                            - Undefined Weak Reference
    _clock_init                               - Undefined Weak Reference
    _microlib_exit                            - Undefined Weak Reference
    __Vectors_Size                           0x00000188   Number         0  startup_stm32f405xx.o ABSOLUTE
    __Vectors                                0x08000000   Data           4  startup_stm32f405xx.o(RESET)
    __Vectors_End                            0x08000188   Data           0  startup_stm32f405xx.o(RESET)
    __main                                   0x08000189   Thumb Code     0  entry.o(.ARM.Collect$$$$00000000)
    _main_stk                                0x08000189   Thumb Code     0  entry2.o(.ARM.Collect$$$$00000001)
    _main_scatterload                        0x0800018d   Thumb Code     0  entry5.o(.ARM.Collect$$$$00000004)
    __main_after_scatterload                 0x08000191   Thumb Code     0  entry5.o(.ARM.Collect$$$$00000004)
    _main_clock                              0x08000191   Thumb Code     0  entry7b.o(.ARM.Collect$$$$00000008)
    _main_cpp_init                           0x08000191   Thumb Code     0  entry8b.o(.ARM.Collect$$$$0000000A)
    _main_init                               0x08000191   Thumb Code     0  entry9a.o(.ARM.Collect$$$$0000000B)
    __rt_final_cpp                           0x08000199   Thumb Code     0  entry10a.o(.ARM.Collect$$$$0000000D)
    __rt_final_exit                          0x08000199   Thumb Code     0  entry11a.o(.ARM.Collect$$$$0000000F)
    Reset_Handler                            0x0800019d   Thumb Code     8  startup_stm32f405xx.o(.text)
    ADC_IRQHandler                           0x080001b7   Thumb Code     0  startup_stm32f405xx.o(.text)
    CAN1_RX1_IRQHandler                      0x080001b7   Thumb Code     0  startup_stm32f405xx.o(.text)
    CAN1_SCE_IRQHandler                      0x080001b7   Thumb Code     0  startup_stm32f405xx.o(.text)
    CAN2_RX1_IRQHandler                      0x080001b7   Thumb Code     0  startup_stm32f405xx.o(.text)
    CAN2_SCE_IRQHandler                      0x080001b7   Thumb Code     0  startup_stm32f405xx.o(.text)
    DMA1_Stream0_IRQHandler                  0x080001b7   Thumb Code     0  startup_stm32f405xx.o(.text)
    DMA1_Stream1_IRQHandler                  0x080001b7   Thumb Code     0  startup_stm32f405xx.o(.text)
    DMA1_Stream2_IRQHandler                  0x080001b7   Thumb Code     0  startup_stm32f405xx.o(.text)
    DMA1_Stream3_IRQHandler                  0x080001b7   Thumb Code     0  startup_stm32f405xx.o(.text)
    DMA1_Stream4_IRQHandler                  0x080001b7   Thumb Code     0  startup_stm32f405xx.o(.text)
    DMA1_Stream6_IRQHandler                  0x080001b7   Thumb Code     0  startup_stm32f405xx.o(.text)
    DMA1_Stream7_IRQHandler                  0x080001b7   Thumb Code     0  startup_stm32f405xx.o(.text)
    DMA2_Stream0_IRQHandler                  0x080001b7   Thumb Code     0  startup_stm32f405xx.o(.text)
    DMA2_Stream2_IRQHandler                  0x080001b7   Thumb Code     0  startup_stm32f405xx.o(.text)
    DMA2_Stream3_IRQHandler                  0x080001b7   Thumb Code     0  startup_stm32f405xx.o(.text)
    DMA2_Stream4_IRQHandler                  0x080001b7   Thumb Code     0  startup_stm32f405xx.o(.text)
    DMA2_Stream5_IRQHandler                  0x080001b7   Thumb Code     0  startup_stm32f405xx.o(.text)
    DMA2_Stream6_IRQHandler                  0x080001b7   Thumb Code     0  startup_stm32f405xx.o(.text)
    DMA2_Stream7_IRQHandler                  0x080001b7   Thumb Code     0  startup_stm32f405xx.o(.text)
    EXTI0_IRQHandler                         0x080001b7   Thumb Code     0  startup_stm32f405xx.o(.text)
    EXTI15_10_IRQHandler                     0x080001b7   Thumb Code     0  startup_stm32f405xx.o(.text)
    EXTI1_IRQHandler                         0x080001b7   Thumb Code     0  startup_stm32f405xx.o(.text)
    EXTI2_IRQHandler                         0x080001b7   Thumb Code     0  startup_stm32f405xx.o(.text)
    EXTI3_IRQHandler                         0x080001b7   Thumb Code     0  startup_stm32f405xx.o(.text)
    EXTI4_IRQHandler                         0x080001b7   Thumb Code     0  startup_stm32f405xx.o(.text)
    EXTI9_5_IRQHandler                       0x080001b7   Thumb Code     0  startup_stm32f405xx.o(.text)
    FLASH_IRQHandler                         0x080001b7   Thumb Code     0  startup_stm32f405xx.o(.text)
    FMC_IRQHandler                           0x080001b7   Thumb Code     0  startup_stm32f405xx.o(.text)
    FPU_IRQHandler                           0x080001b7   Thumb Code     0  startup_stm32f405xx.o(.text)
    HASH_RNG_IRQHandler                      0x080001b7   Thumb Code     0  startup_stm32f405xx.o(.text)
    I2C1_ER_IRQHandler                       0x080001b7   Thumb Code     0  startup_stm32f405xx.o(.text)
    I2C1_EV_IRQHandler                       0x080001b7   Thumb Code     0  startup_stm32f405xx.o(.text)
    I2C2_ER_IRQHandler                       0x080001b7   Thumb Code     0  startup_stm32f405xx.o(.text)
    I2C2_EV_IRQHandler                       0x080001b7   Thumb Code     0  startup_stm32f405xx.o(.text)
    I2C3_ER_IRQHandler                       0x080001b7   Thumb Code     0  startup_stm32f405xx.o(.text)
    I2C3_EV_IRQHandler                       0x080001b7   Thumb Code     0  startup_stm32f405xx.o(.text)
    OTG_FS_IRQHandler                        0x080001b7   Thumb Code     0  startup_stm32f405xx.o(.text)
    OTG_FS_WKUP_IRQHandler                   0x080001b7   Thumb Code     0  startup_stm32f405xx.o(.text)
    OTG_HS_EP1_IN_IRQHandler                 0x080001b7   Thumb Code     0  startup_stm32f405xx.o(.text)
    OTG_HS_EP1_OUT_IRQHandler                0x080001b7   Thumb Code     0  startup_stm32f405xx.o(.text)
    OTG_HS_IRQHandler                        0x080001b7   Thumb Code     0  startup_stm32f405xx.o(.text)
    OTG_HS_WKUP_IRQHandler                   0x080001b7   Thumb Code     0  startup_stm32f405xx.o(.text)
    PVD_IRQHandler                           0x080001b7   Thumb Code     0  startup_stm32f405xx.o(.text)
    RCC_IRQHandler                           0x080001b7   Thumb Code     0  startup_stm32f405xx.o(.text)
    RTC_Alarm_IRQHandler                     0x080001b7   Thumb Code     0  startup_stm32f405xx.o(.text)
    RTC_WKUP_IRQHandler                      0x080001b7   Thumb Code     0  startup_stm32f405xx.o(.text)
    SDIO_IRQHandler                          0x080001b7   Thumb Code     0  startup_stm32f405xx.o(.text)
    SPI1_IRQHandler                          0x080001b7   Thumb Code     0  startup_stm32f405xx.o(.text)
    SPI2_IRQHandler                          0x080001b7   Thumb Code     0  startup_stm32f405xx.o(.text)
    SPI3_IRQHandler                          0x080001b7   Thumb Code     0  startup_stm32f405xx.o(.text)
    TAMP_STAMP_IRQHandler                    0x080001b7   Thumb Code     0  startup_stm32f405xx.o(.text)
    TIM1_BRK_TIM9_IRQHandler                 0x080001b7   Thumb Code     0  startup_stm32f405xx.o(.text)
    TIM1_CC_IRQHandler                       0x080001b7   Thumb Code     0  startup_stm32f405xx.o(.text)
    TIM1_TRG_COM_TIM11_IRQHandler            0x080001b7   Thumb Code     0  startup_stm32f405xx.o(.text)
    TIM1_UP_TIM10_IRQHandler                 0x080001b7   Thumb Code     0  startup_stm32f405xx.o(.text)
    TIM2_IRQHandler                          0x080001b7   Thumb Code     0  startup_stm32f405xx.o(.text)
    TIM4_IRQHandler                          0x080001b7   Thumb Code     0  startup_stm32f405xx.o(.text)
    TIM5_IRQHandler                          0x080001b7   Thumb Code     0  startup_stm32f405xx.o(.text)
    TIM6_DAC_IRQHandler                      0x080001b7   Thumb Code     0  startup_stm32f405xx.o(.text)
    TIM7_IRQHandler                          0x080001b7   Thumb Code     0  startup_stm32f405xx.o(.text)
    TIM8_BRK_TIM12_IRQHandler                0x080001b7   Thumb Code     0  startup_stm32f405xx.o(.text)
    TIM8_CC_IRQHandler                       0x080001b7   Thumb Code     0  startup_stm32f405xx.o(.text)
    TIM8_TRG_COM_TIM14_IRQHandler            0x080001b7   Thumb Code     0  startup_stm32f405xx.o(.text)
    TIM8_UP_TIM13_IRQHandler                 0x080001b7   Thumb Code     0  startup_stm32f405xx.o(.text)
    UART4_IRQHandler                         0x080001b7   Thumb Code     0  startup_stm32f405xx.o(.text)
    UART5_IRQHandler                         0x080001b7   Thumb Code     0  startup_stm32f405xx.o(.text)
    USART1_IRQHandler                        0x080001b7   Thumb Code     0  startup_stm32f405xx.o(.text)
    USART3_IRQHandler                        0x080001b7   Thumb Code     0  startup_stm32f405xx.o(.text)
    WWDG_IRQHandler                          0x080001b7   Thumb Code     0  startup_stm32f405xx.o(.text)
    __aeabi_uldivmod                         0x080001c1   Thumb Code    98  uldiv.o(.text)
    __aeabi_memcpy                           0x08000223   Thumb Code    36  memcpya.o(.text)
    __aeabi_memcpy4                          0x08000223   Thumb Code     0  memcpya.o(.text)
    __aeabi_memcpy8                          0x08000223   Thumb Code     0  memcpya.o(.text)
    __aeabi_memset                           0x08000247   Thumb Code    14  memseta.o(.text)
    __aeabi_memset4                          0x08000247   Thumb Code     0  memseta.o(.text)
    __aeabi_memset8                          0x08000247   Thumb Code     0  memseta.o(.text)
    __aeabi_memclr                           0x08000255   Thumb Code     4  memseta.o(.text)
    __aeabi_memclr4                          0x08000255   Thumb Code     0  memseta.o(.text)
    __aeabi_memclr8                          0x08000255   Thumb Code     0  memseta.o(.text)
    _memset$wrapper                          0x08000259   Thumb Code    18  memseta.o(.text)
    __aeabi_llsl                             0x0800026b   Thumb Code    30  llshl.o(.text)
    _ll_shift_l                              0x0800026b   Thumb Code     0  llshl.o(.text)
    __aeabi_llsr                             0x08000289   Thumb Code    32  llushr.o(.text)
    _ll_ushift_r                             0x08000289   Thumb Code     0  llushr.o(.text)
    __scatterload                            0x080002a9   Thumb Code    28  init.o(.text)
    __scatterload_rt2                        0x080002a9   Thumb Code     0  init.o(.text)
    __decompress                             0x080002cd   Thumb Code     0  __dczerorl2.o(.text)
    __decompress1                            0x080002cd   Thumb Code    86  __dczerorl2.o(.text)
    BALANCE_Contrl                           0x08000323   Thumb Code     4  balance_ctrl.o(ccmram)
    BusFault_Handler                         0x08000327   Thumb Code     2  stm32f4xx_it.o(i.BusFault_Handler)
    CAN1_RX0_IRQHandler                      0x08000329   Thumb Code     6  stm32f4xx_it.o(i.CAN1_RX0_IRQHandler)
    CAN1_TX_IRQHandler                       0x08000335   Thumb Code     6  stm32f4xx_it.o(i.CAN1_TX_IRQHandler)
    CAN2_RX0_IRQHandler                      0x08000341   Thumb Code     6  stm32f4xx_it.o(i.CAN2_RX0_IRQHandler)
    CAN2_TX_IRQHandler                       0x0800034d   Thumb Code     6  stm32f4xx_it.o(i.CAN2_TX_IRQHandler)
    CANFilterInit                            0x08000359   Thumb Code    80  canbus_task.o(i.CANFilterInit)
    Callback_RC_Handle                       0x080003b1   Thumb Code   204  rc_task.o(i.Callback_RC_Handle)
    CharToFloat                              0x08000481   Thumb Code    20  user_lib.o(i.CharToFloat)
    DMA1_Stream5_IRQHandler                  0x08000495   Thumb Code     6  stm32f4xx_it.o(i.DMA1_Stream5_IRQHandler)
    DMA2_Stream1_IRQHandler                  0x080004a1   Thumb Code     6  stm32f4xx_it.o(i.DMA2_Stream1_IRQHandler)
    DataScope                                0x08000551   Thumb Code   200  datascope_dp.o(i.DataScope)
    DataScope_Data_Generate                  0x0800063d   Thumb Code   124  datascope_dp.o(i.DataScope_Data_Generate)
    DataScope_Get_Channel_Data               0x080006bd   Thumb Code    82  datascope_dp.o(i.DataScope_Get_Channel_Data)
    DebugMon_Handler                         0x08000715   Thumb Code     2  stm32f4xx_it.o(i.DebugMon_Handler)
    Error_Handler                            0x08000717   Thumb Code     2  main.o(i.Error_Handler)
    Float2Byte                               0x08000719   Thumb Code    20  datascope_dp.o(i.Float2Byte)
    GetGimbalMeasure                         0x0800072d   Thumb Code    74  canbus_task.o(i.GetGimbalMeasure)
    GetImuAngle                              0x08000779   Thumb Code   240  imu_task.o(i.GetImuAngle)
    GetMotorMeasure                          0x0800087d   Thumb Code    90  canbus_task.o(i.GetMotorMeasure)
    GetMotorOffset                           0x080008dd   Thumb Code    10  canbus_task.o(i.GetMotorOffset)
    GetMotorPID                              0x080008e7   Thumb Code    26  canbus_task.o(i.GetMotorPID)
    GetMotorstate                            0x08000901   Thumb Code    28  canbus_task.o(i.GetMotorstate)
    HAL_CAN_ActivateNotification             0x0800091d   Thumb Code    36  stm32f4xx_hal_can.o(i.HAL_CAN_ActivateNotification)
    HAL_CAN_AddTxMessage                     0x08000941   Thumb Code   200  stm32f4xx_hal_can.o(i.HAL_CAN_AddTxMessage)
    HAL_CAN_ConfigFilter                     0x08000a09   Thumb Code   262  stm32f4xx_hal_can.o(i.HAL_CAN_ConfigFilter)
    HAL_CAN_ErrorCallback                    0x08000b15   Thumb Code     2  stm32f4xx_hal_can.o(i.HAL_CAN_ErrorCallback)
    HAL_CAN_GetRxMessage                     0x08000b17   Thumb Code   232  stm32f4xx_hal_can.o(i.HAL_CAN_GetRxMessage)
    HAL_CAN_IRQHandler                       0x08000bff   Thumb Code   508  stm32f4xx_hal_can.o(i.HAL_CAN_IRQHandler)
    HAL_CAN_Init                             0x08000dfb   Thumb Code   282  stm32f4xx_hal_can.o(i.HAL_CAN_Init)
    HAL_CAN_MspInit                          0x08000f15   Thumb Code   264  can.o(i.HAL_CAN_MspInit)
    HAL_CAN_RxFifo0FullCallback              0x08001035   Thumb Code     2  stm32f4xx_hal_can.o(i.HAL_CAN_RxFifo0FullCallback)
    HAL_CAN_RxFifo0MsgPendingCallback        0x08001039   Thumb Code   242  canbus_task.o(i.HAL_CAN_RxFifo0MsgPendingCallback)
    HAL_CAN_RxFifo1FullCallback              0x08001141   Thumb Code     2  stm32f4xx_hal_can.o(i.HAL_CAN_RxFifo1FullCallback)
    HAL_CAN_RxFifo1MsgPendingCallback        0x08001143   Thumb Code     2  stm32f4xx_hal_can.o(i.HAL_CAN_RxFifo1MsgPendingCallback)
    HAL_CAN_SleepCallback                    0x08001145   Thumb Code     2  stm32f4xx_hal_can.o(i.HAL_CAN_SleepCallback)
    HAL_CAN_Start                            0x08001149   Thumb Code    88  stm32f4xx_hal_can.o(i.HAL_CAN_Start)
    HAL_CAN_TxMailbox0AbortCallback          0x080011a1   Thumb Code     2  stm32f4xx_hal_can.o(i.HAL_CAN_TxMailbox0AbortCallback)
    HAL_CAN_TxMailbox0CompleteCallback       0x080011a3   Thumb Code     2  stm32f4xx_hal_can.o(i.HAL_CAN_TxMailbox0CompleteCallback)
    HAL_CAN_TxMailbox1AbortCallback          0x080011a5   Thumb Code     2  stm32f4xx_hal_can.o(i.HAL_CAN_TxMailbox1AbortCallback)
    HAL_CAN_TxMailbox1CompleteCallback       0x080011a7   Thumb Code     2  stm32f4xx_hal_can.o(i.HAL_CAN_TxMailbox1CompleteCallback)
    HAL_CAN_TxMailbox2AbortCallback          0x080011a9   Thumb Code     2  stm32f4xx_hal_can.o(i.HAL_CAN_TxMailbox2AbortCallback)
    HAL_CAN_TxMailbox2CompleteCallback       0x080011ab   Thumb Code     2  stm32f4xx_hal_can.o(i.HAL_CAN_TxMailbox2CompleteCallback)
    HAL_CAN_WakeUpFromRxMsgCallback          0x080011ad   Thumb Code     2  stm32f4xx_hal_can.o(i.HAL_CAN_WakeUpFromRxMsgCallback)
    HAL_DMA_Abort_IT                         0x080011af   Thumb Code    36  stm32f4xx_hal_dma.o(i.HAL_DMA_Abort_IT)
    HAL_DMA_IRQHandler                       0x080011d5   Thumb Code   412  stm32f4xx_hal_dma.o(i.HAL_DMA_IRQHandler)
    HAL_DMA_Init                             0x08001375   Thumb Code   206  stm32f4xx_hal_dma.o(i.HAL_DMA_Init)
    HAL_DMA_Start                            0x08001449   Thumb Code    70  stm32f4xx_hal_dma.o(i.HAL_DMA_Start)
    HAL_DMA_Start_IT                         0x0800148f   Thumb Code   110  stm32f4xx_hal_dma.o(i.HAL_DMA_Start_IT)
    HAL_Delay                                0x080014fd   Thumb Code    32  stm32f4xx_hal.o(i.HAL_Delay)
    HAL_GPIO_Init                            0x08001521   Thumb Code   394  stm32f4xx_hal_gpio.o(i.HAL_GPIO_Init)
    HAL_GPIO_TogglePin                       0x080016d9   Thumb Code    14  stm32f4xx_hal_gpio.o(i.HAL_GPIO_TogglePin)
    HAL_GPIO_WritePin                        0x080016e7   Thumb Code    10  stm32f4xx_hal_gpio.o(i.HAL_GPIO_WritePin)
    HAL_GetTick                              0x080016f1   Thumb Code     6  stm32f4xx_hal.o(i.HAL_GetTick)
    HAL_I2C_Init                             0x080016fd   Thumb Code   376  stm32f4xx_hal_i2c.o(i.HAL_I2C_Init)
    HAL_I2C_Mem_Write                        0x08001885   Thumb Code   294  stm32f4xx_hal_i2c.o(i.HAL_I2C_Mem_Write)
    HAL_I2C_MspInit                          0x080019b5   Thumb Code   118  i2c.o(i.HAL_I2C_MspInit)
    HAL_IncTick                              0x08001a3d   Thumb Code    12  stm32f4xx_hal.o(i.HAL_IncTick)
    HAL_Init                                 0x08001a4d   Thumb Code    48  stm32f4xx_hal.o(i.HAL_Init)
    HAL_InitTick                             0x08001a81   Thumb Code    54  stm32f4xx_hal.o(i.HAL_InitTick)
    HAL_MspInit                              0x08001ac1   Thumb Code    42  stm32f4xx_hal_msp.o(i.HAL_MspInit)
    HAL_NVIC_EnableIRQ                       0x08001af1   Thumb Code    26  stm32f4xx_hal_cortex.o(i.HAL_NVIC_EnableIRQ)
    HAL_NVIC_SetPriority                     0x08001b0d   Thumb Code    60  stm32f4xx_hal_cortex.o(i.HAL_NVIC_SetPriority)
    HAL_NVIC_SetPriorityGrouping             0x08001b4d   Thumb Code    26  stm32f4xx_hal_cortex.o(i.HAL_NVIC_SetPriorityGrouping)
    HAL_RCC_ClockConfig                      0x08001b71   Thumb Code   288  stm32f4xx_hal_rcc.o(i.HAL_RCC_ClockConfig)
    HAL_RCC_GetPCLK1Freq                     0x08001ca5   Thumb Code    20  stm32f4xx_hal_rcc.o(i.HAL_RCC_GetPCLK1Freq)
    HAL_RCC_GetPCLK2Freq                     0x08001cc5   Thumb Code    20  stm32f4xx_hal_rcc.o(i.HAL_RCC_GetPCLK2Freq)
    HAL_RCC_GetSysClockFreq                  0x08001ce5   Thumb Code    88  stm32f4xx_hal_rcc.o(i.HAL_RCC_GetSysClockFreq)
    HAL_RCC_OscConfig                        0x08001d45   Thumb Code   834  stm32f4xx_hal_rcc.o(i.HAL_RCC_OscConfig)
    HAL_SYSTICK_Config                       0x080020a1   Thumb Code    40  stm32f4xx_hal_cortex.o(i.HAL_SYSTICK_Config)
    HAL_TIMEx_BreakCallback                  0x080020c9   Thumb Code     2  stm32f4xx_hal_tim_ex.o(i.HAL_TIMEx_BreakCallback)
    HAL_TIMEx_CommutCallback                 0x080020cb   Thumb Code     2  stm32f4xx_hal_tim_ex.o(i.HAL_TIMEx_CommutCallback)
    HAL_TIMEx_MasterConfigSynchronization    0x080020cd   Thumb Code   116  stm32f4xx_hal_tim_ex.o(i.HAL_TIMEx_MasterConfigSynchronization)
    HAL_TIM_Base_Init                        0x0800215d   Thumb Code    54  stm32f4xx_hal_tim.o(i.HAL_TIM_Base_Init)
    HAL_TIM_Base_MspInit                     0x08002195   Thumb Code    50  tim.o(i.HAL_TIM_Base_MspInit)
    HAL_TIM_Base_Start_IT                    0x080021d1   Thumb Code    34  stm32f4xx_hal_tim.o(i.HAL_TIM_Base_Start_IT)
    HAL_TIM_ConfigClockSource                0x080021f3   Thumb Code   214  stm32f4xx_hal_tim.o(i.HAL_TIM_ConfigClockSource)
    HAL_TIM_IC_CaptureCallback               0x080022c9   Thumb Code     2  stm32f4xx_hal_tim.o(i.HAL_TIM_IC_CaptureCallback)
    HAL_TIM_IRQHandler                       0x080022cb   Thumb Code   358  stm32f4xx_hal_tim.o(i.HAL_TIM_IRQHandler)
    HAL_TIM_OC_DelayElapsedCallback          0x08002431   Thumb Code     2  stm32f4xx_hal_tim.o(i.HAL_TIM_OC_DelayElapsedCallback)
    HAL_TIM_PWM_PulseFinishedCallback        0x08002433   Thumb Code     2  stm32f4xx_hal_tim.o(i.HAL_TIM_PWM_PulseFinishedCallback)
    HAL_TIM_PeriodElapsedCallback            0x08002435   Thumb Code    90  main.o(i.HAL_TIM_PeriodElapsedCallback)
    HAL_TIM_TriggerCallback                  0x080024b1   Thumb Code     2  stm32f4xx_hal_tim.o(i.HAL_TIM_TriggerCallback)
    HAL_UART_ErrorCallback                   0x080024b5   Thumb Code    38  main.o(i.HAL_UART_ErrorCallback)
    HAL_UART_IDLE_IRQHandler                 0x080024e5   Thumb Code   210  rc_task.o(i.HAL_UART_IDLE_IRQHandler)
    HAL_UART_IRQHandler                      0x080025c5   Thumb Code   270  stm32f4xx_hal_uart.o(i.HAL_UART_IRQHandler)
    HAL_UART_Init                            0x080026d9   Thumb Code    98  stm32f4xx_hal_uart.o(i.HAL_UART_Init)
    HAL_UART_MspInit                         0x0800273d   Thumb Code   412  usart.o(i.HAL_UART_MspInit)
    HAL_UART_Receive_DMA                     0x08002901   Thumb Code   138  stm32f4xx_hal_uart.o(i.HAL_UART_Receive_DMA)
    HAL_UART_Receive_IT_IDLE                 0x08002999   Thumb Code    18  rc_task.o(i.HAL_UART_Receive_IT_IDLE)
    HAL_UART_RxCpltCallback                  0x080029ad   Thumb Code    34  main.o(i.HAL_UART_RxCpltCallback)
    HAL_UART_RxHalfCpltCallback              0x080029dd   Thumb Code     2  stm32f4xx_hal_uart.o(i.HAL_UART_RxHalfCpltCallback)
    HAL_UART_TxCpltCallback                  0x080029df   Thumb Code     2  stm32f4xx_hal_uart.o(i.HAL_UART_TxCpltCallback)
    HardFault_Handler                        0x080029e1   Thumb Code     2  stm32f4xx_it.o(i.HardFault_Handler)
    MX_CAN1_Init                             0x08002ca9   Thumb Code    60  can.o(i.MX_CAN1_Init)
    MX_CAN2_Init                             0x08002ced   Thumb Code    60  can.o(i.MX_CAN2_Init)
    MX_DMA_Init                              0x08002d31   Thumb Code    72  dma.o(i.MX_DMA_Init)
    MX_GPIO_Init                             0x08002d7d   Thumb Code   154  gpio.o(i.MX_GPIO_Init)
    MX_I2C3_Init                             0x08002e25   Thumb Code    50  i2c.o(i.MX_I2C3_Init)
    MX_TIM3_Init                             0x08002e65   Thumb Code    96  tim.o(i.MX_TIM3_Init)
    MX_UART4_Init                            0x08002ecd   Thumb Code    48  usart.o(i.MX_UART4_Init)
    MX_USART1_UART_Init                      0x08002f05   Thumb Code    48  usart.o(i.MX_USART1_UART_Init)
    MX_USART2_UART_Init                      0x08002f3d   Thumb Code    46  usart.o(i.MX_USART2_UART_Init)
    MX_USART6_UART_Init                      0x08002f79   Thumb Code    48  usart.o(i.MX_USART6_UART_Init)
    MemManage_Handler                        0x08002fb1   Thumb Code     2  stm32f4xx_it.o(i.MemManage_Handler)
    NMI_Handler                              0x08002fb3   Thumb Code     2  stm32f4xx_it.o(i.NMI_Handler)
    OLED_ShowFloatNumber                     0x08002fb5   Thumb Code   280  oled_iic.o(i.OLED_ShowFloatNumber)
    PARAM_Pid_init                           0x08003155   Thumb Code   170  balance_cal.o(i.PARAM_Pid_init)
    PID_struct_init                          0x0800321d   Thumb Code    12  pid.o(i.PID_struct_init)
    PendSV_Handler                           0x0800322d   Thumb Code     2  stm32f4xx_it.o(i.PendSV_Handler)
    SVC_Handler                              0x0800322f   Thumb Code     2  stm32f4xx_it.o(i.SVC_Handler)
    SetMotorPid_RAM                          0x08003231   Thumb Code    76  canbus_task.o(i.SetMotorPid_RAM)
    SetMotoriq                               0x0800327d   Thumb Code    72  canbus_task.o(i.SetMotoriq)
    SysTick_Handler                          0x080032c5   Thumb Code     4  stm32f4xx_it.o(i.SysTick_Handler)
    SystemClock_Config                       0x080032c9   Thumb Code   122  main.o(i.SystemClock_Config)
    SystemInit                               0x0800334d   Thumb Code    22  system_stm32f4xx.o(i.SystemInit)
    TIM3_IRQHandler                          0x08003369   Thumb Code     6  stm32f4xx_it.o(i.TIM3_IRQHandler)
    TIM_Base_SetConfig                       0x08003375   Thumb Code   156  stm32f4xx_hal_tim.o(i.TIM_Base_SetConfig)
    TIM_ETR_SetConfig                        0x0800343d   Thumb Code    20  stm32f4xx_hal_tim.o(i.TIM_ETR_SetConfig)
    UART_Receive_DMA_NoIT                    0x08003575   Thumb Code   120  rc_task.o(i.UART_Receive_DMA_NoIT)
    USART2_IRQHandler                        0x08003811   Thumb Code     6  stm32f4xx_it.o(i.USART2_IRQHandler)
    USART6_IRQHandler                        0x0800381d   Thumb Code     6  stm32f4xx_it.o(i.USART6_IRQHandler)
    UsageFault_Handler                       0x08003829   Thumb Code     2  stm32f4xx_it.o(i.UsageFault_Handler)
    __scatterload_copy                       0x0800384b   Thumb Code    14  handlers.o(i.__scatterload_copy)
    __scatterload_null                       0x08003859   Thumb Code     2  handlers.o(i.__scatterload_null)
    __scatterload_zeroinit                   0x0800385b   Thumb Code    14  handlers.o(i.__scatterload_zeroinit)
    chassis_balance_static                   0x08003869   Thumb Code    92  balance_cal.o(i.chassis_balance_static)
    chassis_task                             0x08003969   Thumb Code    28  chassis_task.o(i.chassis_task)
    imu_data_decode_init                     0x080039b9   Thumb Code    14  imu_data_decode.o(i.imu_data_decode_init)
    main                                     0x080039d1   Thumb Code   338  main.o(i.main)
    oled_cls                                 0x08003b81   Thumb Code     6  oled_iic.o(i.oled_cls)
    oled_display_char                        0x08003bd1   Thumb Code   126  oled_iic.o(i.oled_display_char)
    oled_drawBMP                             0x08003c59   Thumb Code    62  oled_iic.o(i.oled_drawBMP)
    oled_full                                0x08003c99   Thumb Code    56  oled_iic.o(i.oled_full)
    oled_init                                0x08003cd1   Thumb Code   186  oled_iic.o(i.oled_init)
    oled_pow                                 0x08003d8b   Thumb Code    16  oled_iic.o(i.oled_pow)
    oled_showNum                             0x08003dc1   Thumb Code    94  oled_iic.o(i.oled_showNum)
    oled_show_string                         0x08003e21   Thumb Code   208  oled_iic.o(i.oled_show_string)
    packet_decode                            0x08004151   Thumb Code   192  packet.o(i.packet_decode)
    packet_decode_init                       0x08004215   Thumb Code    20  packet.o(i.packet_decode_init)
    sen_can_comu_1                           0x080042a5   Thumb Code    72  canbus_task.o(i.sen_can_comu_1)
    sen_can_comu_2                           0x080042ed   Thumb Code    72  canbus_task.o(i.sen_can_comu_2)
    AHBPrescTable                            0x08004352   Data          16  system_stm32f4xx.o(.constdata)
    APBPrescTable                            0x08004362   Data           8  system_stm32f4xx.o(.constdata)
    F6x8                                     0x0800436a   Data         552  oled_iic.o(.constdata)
    F8X16                                    0x08004592   Data        1520  oled_iic.o(.constdata)
    Region$$Table$$Base                      0x08004b84   Number         0  anon$$obj.o(Region$$Table)
    Region$$Table$$Limit                     0x08004ba4   Number         0  anon$$obj.o(Region$$Table)
    aRxBuffer6                               0x20000001   Data           1  main.o(.data)
    OLED_Flag                                0x20000002   Data           1  main.o(.data)
    R                                        0x20000006   Data        1024  main.o(.data)
    uwTickFreq                               0x2000040c   Data           1  stm32f4xx_hal.o(.data)
    uwTickPrio                               0x20000410   Data           4  stm32f4xx_hal.o(.data)
    uwTick                                   0x20000414   Data           4  stm32f4xx_hal.o(.data)
    SystemCoreClock                          0x20000418   Data           4  system_stm32f4xx.o(.data)
    Data_Scope_DP_Send                       0x2000041c   Data           1  datascope_dp.o(.data)
    K                                        0x20000424   Data           8  balance_cal.o(.data)
    Iq_Left                                  0x2000042c   Data           2  balance_ctrl.o(.data)
    Iq_Right                                 0x2000042e   Data           2  balance_ctrl.o(.data)
    count_left                               0x20000430   Data           2  canbus_task.o(.data)
    count_right                              0x20000432   Data           2  canbus_task.o(.data)
    closs_left                               0x20000434   Data           1  canbus_task.o(.data)
    closs_right                              0x20000435   Data           1  canbus_task.o(.data)
    Chassis_Ctrl                             0x20000438   Data           1  chassis_task.o(.data)
    chassis_status                           0x2000043c   Data           8  chassis_task.o(.data)
    bitmap                                   0x20000444   Data           1  imu_data_decode.o(.data)
    Jscope_PitchAngle                        0x20000448   Data           4  imu_task.o(.data)
    Jscope_YawAngle                          0x2000044c   Data           4  imu_task.o(.data)
    frame_count                              0x2000045c   Data           4  packet.o(.data)
    hcan1                                    0x20000468   Data          40  can.o(.bss)
    hcan2                                    0x20000490   Data          40  can.o(.bss)
    hi2c3                                    0x200004b8   Data          84  i2c.o(.bss)
    htim3                                    0x2000050c   Data          64  tim.o(.bss)
    huart4                                   0x2000054c   Data          64  usart.o(.bss)
    huart1                                   0x2000058c   Data          64  usart.o(.bss)
    huart2                                   0x200005cc   Data          64  usart.o(.bss)
    huart6                                   0x2000060c   Data          64  usart.o(.bss)
    hdma_usart2_rx                           0x2000064c   Data          96  usart.o(.bss)
    hdma_usart6_rx                           0x200006ac   Data          96  usart.o(.bss)
    DataScope_OutPut_Buffer                  0x2000070c   Data          42  datascope_dp.o(.bss)
    BALANCE_ANGLE                            0x20000738   Data         104  balance_cal.o(.bss)
    BALANCE_GYRO                             0x200007a0   Data         104  balance_cal.o(.bss)
    OUT_INTERAL                              0x20000808   Data         104  balance_cal.o(.bss)
    BALANCE_SPEED                            0x20000870   Data         104  balance_cal.o(.bss)
    BALANCE_LOCATION                         0x200008d8   Data         104  balance_cal.o(.bss)
    remote_control                           0x20000940   Data          22  rc_task.o(.bss)
    UART_Buffer                              0x20000956   Data         100  rc_task.o(.bss)
    Gimbal_Motor                             0x200009bc   Data          96  canbus_task.o(.bss)
    Commucation_Data                         0x20000a1c   Data          12  canbus_task.o(.bss)
    CHASSIS_MOTOR                            0x20000a28   Data          36  canbus_task.o(.bss)
    MFMOTOR_State_left                       0x20000a4c   Data          18  canbus_task.o(.bss)
    MFMOTOR_State_right                      0x20000a5e   Data          18  canbus_task.o(.bss)
    receive_imusol                           0x2000127c   Data          66  imu_data_decode.o(.bss)
    receive_gwsol                            0x200012c0   Data        1059  imu_data_decode.o(.bss)
    IMU_Row                                  0x200016e4   Data          44  imu_task.o(.bss)
    IMU_Yaw                                  0x20001710   Data          44  imu_task.o(.bss)
    IMU_Pitch                                0x2000173c   Data          44  imu_task.o(.bss)
    __initial_sp                             0x20001b68   Data           0  startup_stm32f405xx.o(STACK)



==============================================================================

Memory Map of the image

  Image Entry point : 0x08000189

  Load Region LR_IROM1 (Base: 0x08000000, Size: 0x0000500c, Max: 0x00100000, ABSOLUTE, COMPRESSED[0x00004ce4])

    Execution Region ER_IROM1 (Exec base: 0x08000000, Load base: 0x08000000, Size: 0x00004ba4, Max: 0x00100000, ABSOLUTE)

    Exec Addr    Load Addr    Size         Type   Attr      Idx    E Section Name        Object

    0x08000000   0x08000000   0x00000188   Data   RO            3    RESET               startup_stm32f405xx.o
    0x08000188   0x08000188   0x00000000   Code   RO         4569  * .ARM.Collect$$$$00000000  mc_w.l(entry.o)
    0x08000188   0x08000188   0x00000004   Code   RO         4580    .ARM.Collect$$$$00000001  mc_w.l(entry2.o)
    0x0800018c   0x0800018c   0x00000004   Code   RO         4583    .ARM.Collect$$$$00000004  mc_w.l(entry5.o)
    0x08000190   0x08000190   0x00000000   Code   RO         4585    .ARM.Collect$$$$00000008  mc_w.l(entry7b.o)
    0x08000190   0x08000190   0x00000000   Code   RO         4587    .ARM.Collect$$$$0000000A  mc_w.l(entry8b.o)
    0x08000190   0x08000190   0x00000008   Code   RO         4588    .ARM.Collect$$$$0000000B  mc_w.l(entry9a.o)
    0x08000198   0x08000198   0x00000000   Code   RO         4590    .ARM.Collect$$$$0000000D  mc_w.l(entry10a.o)
    0x08000198   0x08000198   0x00000000   Code   RO         4592    .ARM.Collect$$$$0000000F  mc_w.l(entry11a.o)
    0x08000198   0x08000198   0x00000004   Code   RO         4581    .ARM.Collect$$$$00002712  mc_w.l(entry2.o)
    0x0800019c   0x0800019c   0x00000024   Code   RO            4    .text               startup_stm32f405xx.o
    0x080001c0   0x080001c0   0x00000062   Code   RO         4572    .text               mc_w.l(uldiv.o)
    0x08000222   0x08000222   0x00000024   Code   RO         4574    .text               mc_w.l(memcpya.o)
    0x08000246   0x08000246   0x00000024   Code   RO         4576    .text               mc_w.l(memseta.o)
    0x0800026a   0x0800026a   0x0000001e   Code   RO         4594    .text               mc_w.l(llshl.o)
    0x08000288   0x08000288   0x00000020   Code   RO         4596    .text               mc_w.l(llushr.o)
    0x080002a8   0x080002a8   0x00000024   Code   RO         4598    .text               mc_w.l(init.o)
    0x080002cc   0x080002cc   0x00000056   Code   RO         4608    .text               mc_w.l(__dczerorl2.o)
    0x08000322   0x08000322   0x00000004   Code   RO         3864    ccmram              balance_ctrl.o
    0x08000326   0x08000326   0x00000002   Code   RO          502    i.BusFault_Handler  stm32f4xx_it.o
    0x08000328   0x08000328   0x0000000c   Code   RO          503    i.CAN1_RX0_IRQHandler  stm32f4xx_it.o
    0x08000334   0x08000334   0x0000000c   Code   RO          504    i.CAN1_TX_IRQHandler  stm32f4xx_it.o
    0x08000340   0x08000340   0x0000000c   Code   RO          505    i.CAN2_RX0_IRQHandler  stm32f4xx_it.o
    0x0800034c   0x0800034c   0x0000000c   Code   RO          506    i.CAN2_TX_IRQHandler  stm32f4xx_it.o
    0x08000358   0x08000358   0x00000058   Code   RO         4014    i.CANFilterInit     canbus_task.o
    0x080003b0   0x080003b0   0x000000d0   Code   RO         3954    i.Callback_RC_Handle  rc_task.o
    0x08000480   0x08000480   0x00000014   Code   RO         4234    i.CharToFloat       user_lib.o
    0x08000494   0x08000494   0x0000000c   Code   RO          507    i.DMA1_Stream5_IRQHandler  stm32f4xx_it.o
    0x080004a0   0x080004a0   0x0000000c   Code   RO          508    i.DMA2_Stream1_IRQHandler  stm32f4xx_it.o
    0x080004ac   0x080004ac   0x00000028   Code   RO         3048    i.DMA_CalcBaseAndBitshift  stm32f4xx_hal_dma.o
    0x080004d4   0x080004d4   0x00000054   Code   RO         3049    i.DMA_CheckFifoParam  stm32f4xx_hal_dma.o
    0x08000528   0x08000528   0x00000028   Code   RO         3050    i.DMA_SetConfig     stm32f4xx_hal_dma.o
    0x08000550   0x08000550   0x000000ec   Code   RO         3759    i.DataScope         datascope_dp.o
    0x0800063c   0x0800063c   0x00000080   Code   RO         3760    i.DataScope_Data_Generate  datascope_dp.o
    0x080006bc   0x080006bc   0x00000058   Code   RO         3761    i.DataScope_Get_Channel_Data  datascope_dp.o
    0x08000714   0x08000714   0x00000002   Code   RO          509    i.DebugMon_Handler  stm32f4xx_it.o
    0x08000716   0x08000716   0x00000002   Code   RO           13    i.Error_Handler     main.o
    0x08000718   0x08000718   0x00000014   Code   RO         3762    i.Float2Byte        datascope_dp.o
    0x0800072c   0x0800072c   0x0000004a   Code   RO         4017    i.GetGimbalMeasure  canbus_task.o
    0x08000776   0x08000776   0x00000002   PAD
    0x08000778   0x08000778   0x00000104   Code   RO         4341    i.GetImuAngle       imu_task.o
    0x0800087c   0x0800087c   0x00000060   Code   RO         4018    i.GetMotorMeasure   canbus_task.o
    0x080008dc   0x080008dc   0x0000000a   Code   RO         4019    i.GetMotorOffset    canbus_task.o
    0x080008e6   0x080008e6   0x0000001a   Code   RO         4020    i.GetMotorPID       canbus_task.o
    0x08000900   0x08000900   0x0000001c   Code   RO         4021    i.GetMotorstate     canbus_task.o
    0x0800091c   0x0800091c   0x00000024   Code   RO          657    i.HAL_CAN_ActivateNotification  stm32f4xx_hal_can.o
    0x08000940   0x08000940   0x000000c8   Code   RO          658    i.HAL_CAN_AddTxMessage  stm32f4xx_hal_can.o
    0x08000a08   0x08000a08   0x0000010c   Code   RO          659    i.HAL_CAN_ConfigFilter  stm32f4xx_hal_can.o
    0x08000b14   0x08000b14   0x00000002   Code   RO          662    i.HAL_CAN_ErrorCallback  stm32f4xx_hal_can.o
    0x08000b16   0x08000b16   0x000000e8   Code   RO          665    i.HAL_CAN_GetRxMessage  stm32f4xx_hal_can.o
    0x08000bfe   0x08000bfe   0x000001fc   Code   RO          669    i.HAL_CAN_IRQHandler  stm32f4xx_hal_can.o
    0x08000dfa   0x08000dfa   0x0000011a   Code   RO          670    i.HAL_CAN_Init      stm32f4xx_hal_can.o
    0x08000f14   0x08000f14   0x00000120   Code   RO          286    i.HAL_CAN_MspInit   can.o
    0x08001034   0x08001034   0x00000002   Code   RO          677    i.HAL_CAN_RxFifo0FullCallback  stm32f4xx_hal_can.o
    0x08001036   0x08001036   0x00000002   PAD
    0x08001038   0x08001038   0x00000108   Code   RO         4023    i.HAL_CAN_RxFifo0MsgPendingCallback  canbus_task.o
    0x08001140   0x08001140   0x00000002   Code   RO          679    i.HAL_CAN_RxFifo1FullCallback  stm32f4xx_hal_can.o
    0x08001142   0x08001142   0x00000002   Code   RO          680    i.HAL_CAN_RxFifo1MsgPendingCallback  stm32f4xx_hal_can.o
    0x08001144   0x08001144   0x00000002   Code   RO          681    i.HAL_CAN_SleepCallback  stm32f4xx_hal_can.o
    0x08001146   0x08001146   0x00000002   PAD
    0x08001148   0x08001148   0x00000058   Code   RO          682    i.HAL_CAN_Start     stm32f4xx_hal_can.o
    0x080011a0   0x080011a0   0x00000002   Code   RO          684    i.HAL_CAN_TxMailbox0AbortCallback  stm32f4xx_hal_can.o
    0x080011a2   0x080011a2   0x00000002   Code   RO          685    i.HAL_CAN_TxMailbox0CompleteCallback  stm32f4xx_hal_can.o
    0x080011a4   0x080011a4   0x00000002   Code   RO          686    i.HAL_CAN_TxMailbox1AbortCallback  stm32f4xx_hal_can.o
    0x080011a6   0x080011a6   0x00000002   Code   RO          687    i.HAL_CAN_TxMailbox1CompleteCallback  stm32f4xx_hal_can.o
    0x080011a8   0x080011a8   0x00000002   Code   RO          688    i.HAL_CAN_TxMailbox2AbortCallback  stm32f4xx_hal_can.o
    0x080011aa   0x080011aa   0x00000002   Code   RO          689    i.HAL_CAN_TxMailbox2CompleteCallback  stm32f4xx_hal_can.o
    0x080011ac   0x080011ac   0x00000002   Code   RO          691    i.HAL_CAN_WakeUpFromRxMsgCallback  stm32f4xx_hal_can.o
    0x080011ae   0x080011ae   0x00000024   Code   RO         3052    i.HAL_DMA_Abort_IT  stm32f4xx_hal_dma.o
    0x080011d2   0x080011d2   0x00000002   PAD
    0x080011d4   0x080011d4   0x000001a0   Code   RO         3056    i.HAL_DMA_IRQHandler  stm32f4xx_hal_dma.o
    0x08001374   0x08001374   0x000000d4   Code   RO         3057    i.HAL_DMA_Init      stm32f4xx_hal_dma.o
    0x08001448   0x08001448   0x00000046   Code   RO         3060    i.HAL_DMA_Start     stm32f4xx_hal_dma.o
    0x0800148e   0x0800148e   0x0000006e   Code   RO         3061    i.HAL_DMA_Start_IT  stm32f4xx_hal_dma.o
    0x080014fc   0x080014fc   0x00000024   Code   RO         3470    i.HAL_Delay         stm32f4xx_hal.o
    0x08001520   0x08001520   0x000001b8   Code   RO         2944    i.HAL_GPIO_Init     stm32f4xx_hal_gpio.o
    0x080016d8   0x080016d8   0x0000000e   Code   RO         2947    i.HAL_GPIO_TogglePin  stm32f4xx_hal_gpio.o
    0x080016e6   0x080016e6   0x0000000a   Code   RO         2948    i.HAL_GPIO_WritePin  stm32f4xx_hal_gpio.o
    0x080016f0   0x080016f0   0x0000000c   Code   RO         3476    i.HAL_GetTick       stm32f4xx_hal.o
    0x080016fc   0x080016fc   0x00000188   Code   RO          901    i.HAL_I2C_Init      stm32f4xx_hal_i2c.o
    0x08001884   0x08001884   0x00000130   Code   RO          922    i.HAL_I2C_Mem_Write  stm32f4xx_hal_i2c.o
    0x080019b4   0x080019b4   0x00000088   Code   RO          359    i.HAL_I2C_MspInit   i2c.o
    0x08001a3c   0x08001a3c   0x00000010   Code   RO         3482    i.HAL_IncTick       stm32f4xx_hal.o
    0x08001a4c   0x08001a4c   0x00000034   Code   RO         3483    i.HAL_Init          stm32f4xx_hal.o
    0x08001a80   0x08001a80   0x00000040   Code   RO         3484    i.HAL_InitTick      stm32f4xx_hal.o
    0x08001ac0   0x08001ac0   0x00000030   Code   RO          632    i.HAL_MspInit       stm32f4xx_hal_msp.o
    0x08001af0   0x08001af0   0x0000001a   Code   RO         3333    i.HAL_NVIC_EnableIRQ  stm32f4xx_hal_cortex.o
    0x08001b0a   0x08001b0a   0x00000002   PAD
    0x08001b0c   0x08001b0c   0x00000040   Code   RO         3339    i.HAL_NVIC_SetPriority  stm32f4xx_hal_cortex.o
    0x08001b4c   0x08001b4c   0x00000024   Code   RO         3340    i.HAL_NVIC_SetPriorityGrouping  stm32f4xx_hal_cortex.o
    0x08001b70   0x08001b70   0x00000134   Code   RO         2590    i.HAL_RCC_ClockConfig  stm32f4xx_hal_rcc.o
    0x08001ca4   0x08001ca4   0x00000020   Code   RO         2597    i.HAL_RCC_GetPCLK1Freq  stm32f4xx_hal_rcc.o
    0x08001cc4   0x08001cc4   0x00000020   Code   RO         2598    i.HAL_RCC_GetPCLK2Freq  stm32f4xx_hal_rcc.o
    0x08001ce4   0x08001ce4   0x00000060   Code   RO         2599    i.HAL_RCC_GetSysClockFreq  stm32f4xx_hal_rcc.o
    0x08001d44   0x08001d44   0x0000035c   Code   RO         2602    i.HAL_RCC_OscConfig  stm32f4xx_hal_rcc.o
    0x080020a0   0x080020a0   0x00000028   Code   RO         3344    i.HAL_SYSTICK_Config  stm32f4xx_hal_cortex.o
    0x080020c8   0x080020c8   0x00000002   Code   RO         2012    i.HAL_TIMEx_BreakCallback  stm32f4xx_hal_tim_ex.o
    0x080020ca   0x080020ca   0x00000002   Code   RO         2013    i.HAL_TIMEx_CommutCallback  stm32f4xx_hal_tim_ex.o
    0x080020cc   0x080020cc   0x00000090   Code   RO         2030    i.HAL_TIMEx_MasterConfigSynchronization  stm32f4xx_hal_tim_ex.o
    0x0800215c   0x0800215c   0x00000036   Code   RO         1337    i.HAL_TIM_Base_Init  stm32f4xx_hal_tim.o
    0x08002192   0x08002192   0x00000002   PAD
    0x08002194   0x08002194   0x0000003c   Code   RO          401    i.HAL_TIM_Base_MspInit  tim.o
    0x080021d0   0x080021d0   0x00000022   Code   RO         1342    i.HAL_TIM_Base_Start_IT  stm32f4xx_hal_tim.o
    0x080021f2   0x080021f2   0x000000d6   Code   RO         1346    i.HAL_TIM_ConfigClockSource  stm32f4xx_hal_tim.o
    0x080022c8   0x080022c8   0x00000002   Code   RO         1366    i.HAL_TIM_IC_CaptureCallback  stm32f4xx_hal_tim.o
    0x080022ca   0x080022ca   0x00000166   Code   RO         1380    i.HAL_TIM_IRQHandler  stm32f4xx_hal_tim.o
    0x08002430   0x08002430   0x00000002   Code   RO         1383    i.HAL_TIM_OC_DelayElapsedCallback  stm32f4xx_hal_tim.o
    0x08002432   0x08002432   0x00000002   Code   RO         1410    i.HAL_TIM_PWM_PulseFinishedCallback  stm32f4xx_hal_tim.o
    0x08002434   0x08002434   0x0000007c   Code   RO           14    i.HAL_TIM_PeriodElapsedCallback  main.o
    0x080024b0   0x080024b0   0x00000002   Code   RO         1423    i.HAL_TIM_TriggerCallback  stm32f4xx_hal_tim.o
    0x080024b2   0x080024b2   0x00000002   PAD
    0x080024b4   0x080024b4   0x00000030   Code   RO           15    i.HAL_UART_ErrorCallback  main.o
    0x080024e4   0x080024e4   0x000000e0   Code   RO         3955    i.HAL_UART_IDLE_IRQHandler  rc_task.o
    0x080025c4   0x080025c4   0x00000114   Code   RO         2287    i.HAL_UART_IRQHandler  stm32f4xx_hal_uart.o
    0x080026d8   0x080026d8   0x00000062   Code   RO         2288    i.HAL_UART_Init     stm32f4xx_hal_uart.o
    0x0800273a   0x0800273a   0x00000002   PAD
    0x0800273c   0x0800273c   0x000001c4   Code   RO          443    i.HAL_UART_MspInit  usart.o
    0x08002900   0x08002900   0x00000098   Code   RO         2292    i.HAL_UART_Receive_DMA  stm32f4xx_hal_uart.o
    0x08002998   0x08002998   0x00000012   Code   RO         3956    i.HAL_UART_Receive_IT_IDLE  rc_task.o
    0x080029aa   0x080029aa   0x00000002   PAD
    0x080029ac   0x080029ac   0x00000030   Code   RO           16    i.HAL_UART_RxCpltCallback  main.o
    0x080029dc   0x080029dc   0x00000002   Code   RO         2295    i.HAL_UART_RxHalfCpltCallback  stm32f4xx_hal_uart.o
    0x080029de   0x080029de   0x00000002   Code   RO         2299    i.HAL_UART_TxCpltCallback  stm32f4xx_hal_uart.o
    0x080029e0   0x080029e0   0x00000002   Code   RO          510    i.HardFault_Handler  stm32f4xx_it.o
    0x080029e2   0x080029e2   0x0000002e   Code   RO          943    i.I2C_IsAcknowledgeFailed  stm32f4xx_hal_i2c.o
    0x08002a10   0x08002a10   0x000000a8   Code   RO          954    i.I2C_RequestMemoryWrite  stm32f4xx_hal_i2c.o
    0x08002ab8   0x08002ab8   0x0000004c   Code   RO          957    i.I2C_WaitOnBTFFlagUntilTimeout  stm32f4xx_hal_i2c.o
    0x08002b04   0x08002b04   0x00000068   Code   RO          958    i.I2C_WaitOnFlagUntilTimeout  stm32f4xx_hal_i2c.o
    0x08002b6c   0x08002b6c   0x00000096   Code   RO          959    i.I2C_WaitOnMasterAddressFlagUntilTimeout  stm32f4xx_hal_i2c.o
    0x08002c02   0x08002c02   0x0000004c   Code   RO          961    i.I2C_WaitOnTXEFlagUntilTimeout  stm32f4xx_hal_i2c.o
    0x08002c4e   0x08002c4e   0x00000002   PAD
    0x08002c50   0x08002c50   0x00000058   Code   RO         4189    i.Interact_check    chassis_task.o
    0x08002ca8   0x08002ca8   0x00000044   Code   RO          287    i.MX_CAN1_Init      can.o
    0x08002cec   0x08002cec   0x00000044   Code   RO          288    i.MX_CAN2_Init      can.o
    0x08002d30   0x08002d30   0x0000004c   Code   RO          334    i.MX_DMA_Init       dma.o
    0x08002d7c   0x08002d7c   0x000000a8   Code   RO          261    i.MX_GPIO_Init      gpio.o
    0x08002e24   0x08002e24   0x00000040   Code   RO          360    i.MX_I2C3_Init      i2c.o
    0x08002e64   0x08002e64   0x00000068   Code   RO          402    i.MX_TIM3_Init      tim.o
    0x08002ecc   0x08002ecc   0x00000038   Code   RO          444    i.MX_UART4_Init     usart.o
    0x08002f04   0x08002f04   0x00000038   Code   RO          445    i.MX_USART1_UART_Init  usart.o
    0x08002f3c   0x08002f3c   0x0000003c   Code   RO          446    i.MX_USART2_UART_Init  usart.o
    0x08002f78   0x08002f78   0x00000038   Code   RO          447    i.MX_USART6_UART_Init  usart.o
    0x08002fb0   0x08002fb0   0x00000002   Code   RO          511    i.MemManage_Handler  stm32f4xx_it.o
    0x08002fb2   0x08002fb2   0x00000002   Code   RO          512    i.NMI_Handler       stm32f4xx_it.o
    0x08002fb4   0x08002fb4   0x0000011c   Code   RO         4447    i.OLED_ShowFloatNumber  oled_iic.o
    0x080030d0   0x080030d0   0x00000084   Code   RO           17    i.Oled_flush        main.o
    0x08003154   0x08003154   0x000000c8   Code   RO         3811    i.PARAM_Pid_init    balance_cal.o
    0x0800321c   0x0800321c   0x00000010   Code   RO         3902    i.PID_struct_init   pid.o
    0x0800322c   0x0800322c   0x00000002   Code   RO          513    i.PendSV_Handler    stm32f4xx_it.o
    0x0800322e   0x0800322e   0x00000002   Code   RO          514    i.SVC_Handler       stm32f4xx_it.o
    0x08003230   0x08003230   0x0000004c   Code   RO         4031    i.SetMotorPid_RAM   canbus_task.o
    0x0800327c   0x0800327c   0x00000048   Code   RO         4033    i.SetMotoriq        canbus_task.o
    0x080032c4   0x080032c4   0x00000004   Code   RO          515    i.SysTick_Handler   stm32f4xx_it.o
    0x080032c8   0x080032c8   0x00000084   Code   RO           18    i.SystemClock_Config  main.o
    0x0800334c   0x0800334c   0x0000001c   Code   RO         3722    i.SystemInit        system_stm32f4xx.o
    0x08003368   0x08003368   0x0000000c   Code   RO          516    i.TIM3_IRQHandler   stm32f4xx_it.o
    0x08003374   0x08003374   0x000000c8   Code   RO         1425    i.TIM_Base_SetConfig  stm32f4xx_hal_tim.o
    0x0800343c   0x0800343c   0x00000014   Code   RO         1436    i.TIM_ETR_SetConfig  stm32f4xx_hal_tim.o
    0x08003450   0x08003450   0x00000010   Code   RO         1437    i.TIM_ITRx_SetConfig  stm32f4xx_hal_tim.o
    0x08003460   0x08003460   0x00000022   Code   RO         1443    i.TIM_TI1_ConfigInputStage  stm32f4xx_hal_tim.o
    0x08003482   0x08003482   0x00000024   Code   RO         1445    i.TIM_TI2_ConfigInputStage  stm32f4xx_hal_tim.o
    0x080034a6   0x080034a6   0x00000010   Code   RO         2301    i.UART_DMAAbortOnError  stm32f4xx_hal_uart.o
    0x080034b6   0x080034b6   0x0000004a   Code   RO         2302    i.UART_DMAError     stm32f4xx_hal_uart.o
    0x08003500   0x08003500   0x0000003c   Code   RO         2303    i.UART_DMAReceiveCplt  stm32f4xx_hal_uart.o
    0x0800353c   0x0800353c   0x0000000a   Code   RO         2305    i.UART_DMARxHalfCplt  stm32f4xx_hal_uart.o
    0x08003546   0x08003546   0x0000001c   Code   RO         2311    i.UART_EndRxTransfer  stm32f4xx_hal_uart.o
    0x08003562   0x08003562   0x00000012   Code   RO         2312    i.UART_EndTxTransfer  stm32f4xx_hal_uart.o
    0x08003574   0x08003574   0x00000078   Code   RO         3957    i.UART_Receive_DMA_NoIT  rc_task.o
    0x080035ec   0x080035ec   0x00000096   Code   RO         2313    i.UART_Receive_IT   stm32f4xx_hal_uart.o
    0x08003682   0x08003682   0x00000002   PAD
    0x08003684   0x08003684   0x00000128   Code   RO         2314    i.UART_SetConfig    stm32f4xx_hal_uart.o
    0x080037ac   0x080037ac   0x00000062   Code   RO         2315    i.UART_Transmit_IT  stm32f4xx_hal_uart.o
    0x0800380e   0x0800380e   0x00000002   PAD
    0x08003810   0x08003810   0x0000000c   Code   RO          517    i.USART2_IRQHandler  stm32f4xx_it.o
    0x0800381c   0x0800381c   0x0000000c   Code   RO          518    i.USART6_IRQHandler  stm32f4xx_it.o
    0x08003828   0x08003828   0x00000002   Code   RO          519    i.UsageFault_Handler  stm32f4xx_it.o
    0x0800382a   0x0800382a   0x00000020   Code   RO         3346    i.__NVIC_SetPriority  stm32f4xx_hal_cortex.o
    0x0800384a   0x0800384a   0x0000000e   Code   RO         4602    i.__scatterload_copy  mc_w.l(handlers.o)
    0x08003858   0x08003858   0x00000002   Code   RO         4603    i.__scatterload_null  mc_w.l(handlers.o)
    0x0800385a   0x0800385a   0x0000000e   Code   RO         4604    i.__scatterload_zeroinit  mc_w.l(handlers.o)
    0x08003868   0x08003868   0x00000074   Code   RO         3812    i.chassis_balance_static  balance_cal.o
    0x080038dc   0x080038dc   0x0000008c   Code   RO         4190    i.chassis_state_update  chassis_task.o
    0x08003968   0x08003968   0x00000020   Code   RO         4191    i.chassis_task      chassis_task.o
    0x08003988   0x08003988   0x0000002e   Code   RO         4411    i.crc16_update      packet.o
    0x080039b6   0x080039b6   0x00000002   PAD
    0x080039b8   0x080039b8   0x00000018   Code   RO         4299    i.imu_data_decode_init  imu_data_decode.o
    0x080039d0   0x080039d0   0x000001b0   Code   RO           19    i.main              main.o
    0x08003b80   0x08003b80   0x00000006   Code   RO         4448    i.oled_cls          oled_iic.o
    0x08003b86   0x08003b86   0x00000002   PAD
    0x08003b88   0x08003b88   0x00000024   Code   RO         4449    i.oled_cmd          oled_iic.o
    0x08003bac   0x08003bac   0x00000024   Code   RO         4450    i.oled_data         oled_iic.o
    0x08003bd0   0x08003bd0   0x00000088   Code   RO         4451    i.oled_display_char  oled_iic.o
    0x08003c58   0x08003c58   0x0000003e   Code   RO         4452    i.oled_drawBMP      oled_iic.o
    0x08003c96   0x08003c96   0x00000002   PAD
    0x08003c98   0x08003c98   0x00000038   Code   RO         4453    i.oled_full         oled_iic.o
    0x08003cd0   0x08003cd0   0x000000ba   Code   RO         4454    i.oled_init         oled_iic.o
    0x08003d8a   0x08003d8a   0x00000010   Code   RO         4457    i.oled_pow          oled_iic.o
    0x08003d9a   0x08003d9a   0x00000026   Code   RO         4458    i.oled_setPos       oled_iic.o
    0x08003dc0   0x08003dc0   0x0000005e   Code   RO         4460    i.oled_showNum      oled_iic.o
    0x08003e1e   0x08003e1e   0x00000002   PAD
    0x08003e20   0x08003e20   0x000000d8   Code   RO         4461    i.oled_show_string  oled_iic.o
    0x08003ef8   0x08003ef8   0x00000258   Code   RO         4300    i.on_data_received  imu_data_decode.o
    0x08004150   0x08004150   0x000000c4   Code   RO         4412    i.packet_decode     packet.o
    0x08004214   0x08004214   0x00000018   Code   RO         4413    i.packet_decode_init  packet.o
    0x0800422c   0x0800422c   0x00000012   Code   RO         3906    i.pid_param_init    pid.o
    0x0800423e   0x0800423e   0x00000002   PAD
    0x08004240   0x08004240   0x00000064   Code   RO         4192    i.remote_control_current  chassis_task.o
    0x080042a4   0x080042a4   0x00000048   Code   RO         4035    i.sen_can_comu_1    canbus_task.o
    0x080042ec   0x080042ec   0x00000048   Code   RO         4036    i.sen_can_comu_2    canbus_task.o
    0x08004334   0x08004334   0x00000016   Code   RO         4301    i.stream2int16      imu_data_decode.o
    0x0800434a   0x0800434a   0x00000008   Data   RO         3063    .constdata          stm32f4xx_hal_dma.o
    0x08004352   0x08004352   0x00000010   Data   RO         3723    .constdata          system_stm32f4xx.o
    0x08004362   0x08004362   0x00000008   Data   RO         3724    .constdata          system_stm32f4xx.o
    0x0800436a   0x0800436a   0x00000818   Data   RO         4462    .constdata          oled_iic.o
    0x08004b82   0x08004b82   0x00000002   PAD
    0x08004b84   0x08004b84   0x00000020   Data   RO         4600    Region$$Table       anon$$obj.o


    Execution Region RW_IRAM2 (Exec base: 0x10000000, Load base: 0x08004ce4, Size: 0x00000000, Max: 0x00010000, ABSOLUTE)

    **** No section assigned to this execution region ****


    Execution Region RW_IRAM1 (Exec base: 0x20000000, Load base: 0x08004ba4, Size: 0x00001b68, Max: 0x00020000, ABSOLUTE, COMPRESSED[0x00000140])

    Exec Addr    Load Addr    Size         Type   Attr      Idx    E Section Name        Object

    0x20000000   COMPRESSED   0x00000406   Data   RW           20    .data               main.o
    0x20000406   COMPRESSED   0x00000002   PAD
    0x20000408   COMPRESSED   0x00000004   Data   RW          290    .data               can.o
    0x2000040c   COMPRESSED   0x0000000c   Data   RW         3490    .data               stm32f4xx_hal.o
    0x20000418   COMPRESSED   0x00000004   Data   RW         3725    .data               system_stm32f4xx.o
    0x2000041c   COMPRESSED   0x00000001   Data   RW         3764    .data               datascope_dp.o
    0x2000041d   COMPRESSED   0x00000003   PAD
    0x20000420   COMPRESSED   0x0000000c   Data   RW         3815    .data               balance_cal.o
    0x2000042c   COMPRESSED   0x00000002   Data   RW         3866    .data               balance_ctrl.o
    0x2000042e   COMPRESSED   0x00000002   Data   RW         3867    .data               balance_ctrl.o
    0x20000430   COMPRESSED   0x00000002   Data   RW         4038    .data               canbus_task.o
    0x20000432   COMPRESSED   0x00000002   Data   RW         4039    .data               canbus_task.o
    0x20000434   COMPRESSED   0x00000001   Data   RW         4040    .data               canbus_task.o
    0x20000435   COMPRESSED   0x00000001   Data   RW         4041    .data               canbus_task.o
    0x20000436   COMPRESSED   0x00000002   Data   RW         4042    .data               canbus_task.o
    0x20000438   COMPRESSED   0x0000000c   Data   RW         4193    .data               chassis_task.o
    0x20000444   COMPRESSED   0x00000001   Data   RW         4303    .data               imu_data_decode.o
    0x20000445   COMPRESSED   0x00000003   PAD
    0x20000448   COMPRESSED   0x00000008   Data   RW         4353    .data               imu_task.o
    0x20000450   COMPRESSED   0x00000018   Data   RW         4414    .data               packet.o
    0x20000468        -       0x00000050   Zero   RW          289    .bss                can.o
    0x200004b8        -       0x00000054   Zero   RW          361    .bss                i2c.o
    0x2000050c        -       0x00000040   Zero   RW          403    .bss                tim.o
    0x2000054c        -       0x000001c0   Zero   RW          448    .bss                usart.o
    0x2000070c        -       0x0000002a   Zero   RW         3763    .bss                datascope_dp.o
    0x20000736   COMPRESSED   0x00000002   PAD
    0x20000738        -       0x00000208   Zero   RW         3813    .bss                balance_cal.o
    0x20000940        -       0x00000016   Zero   RW         3959    .bss                rc_task.o
    0x20000956        -       0x00000064   Zero   RW         3960    .bss                rc_task.o
    0x200009ba   COMPRESSED   0x00000002   PAD
    0x200009bc        -       0x000000b4   Zero   RW         4037    .bss                canbus_task.o
    0x20000a70        -       0x00000c73   Zero   RW         4302    .bss                imu_data_decode.o
    0x200016e3   COMPRESSED   0x00000001   PAD
    0x200016e4        -       0x0000002c   Zero   RW         4344    .bss                imu_task.o
    0x20001710        -       0x0000002c   Zero   RW         4345    .bss                imu_task.o
    0x2000173c        -       0x0000002c   Zero   RW         4346    .bss                imu_task.o
    0x20001768        -       0x00000400   Zero   RW            1    STACK               startup_stm32f405xx.o


==============================================================================

Image component sizes


      Code (inc. data)   RO Data    RW Data    ZI Data      Debug   Object Name

       316         54          0         12        520       3105   balance_cal.o
         4          0          0          4          0        904   balance_ctrl.o
       424         40          0          4         80       2918   can.o
       878         36          0          8        180      11600   canbus_task.o
       360         74          0         12          0       3757   chassis_task.o
       472         70          0          1         42       4177   datascope_dp.o
        76          4          0          0          0        986   dma.o
       168         14          0          0          0       1139   gpio.o
       200         32          0          0         84       2057   i2c.o
       646         28          0          1       3187       4677   imu_data_decode.o
       260         20          0          8        132       3206   imu_task.o
       918        190          0       1030          0     668341   main.o
      1166         34       2072          0          0      11339   oled_iic.o
       266         16          0         24          0       4279   packet.o
        34          4          0          0          0       2226   pid.o
       570         18          0          0        122       6396   rc_task.o
        36          8        392          0       1024        920   startup_stm32f405xx.o
       180         28          0         12          0      10149   stm32f4xx_hal.o
      1638          6          0          0          0      16143   stm32f4xx_hal_can.o
       198         14          0          0          0      34511   stm32f4xx_hal_cortex.o
      1008         16          8          0          0       8170   stm32f4xx_hal_dma.o
       464         46          0          0          0       3397   stm32f4xx_hal_gpio.o
      1316         32          0          0          0      10207   stm32f4xx_hal_i2c.o
        48          6          0          0          0       1018   stm32f4xx_hal_msp.o
      1328         78          0          0          0       5792   stm32f4xx_hal_rcc.o
       974         44          0          0          0      11333   stm32f4xx_hal_tim.o
       148         28          0          0          0       2833   stm32f4xx_hal_tim_ex.o
      1280         30          0          0          0      11585   stm32f4xx_hal_uart.o
       128         54          0          0          0       9942   stm32f4xx_it.o
        28          6         24          4          0       1407   system_stm32f4xx.o
       164         18          0          0         64       2030   tim.o
       680         78          0          0        448       4569   usart.o
        20          0          0          0          0        778   user_lib.o

    ----------------------------------------------------------------------
     16430       1126       2530       1128       5888     865891   Object Totals
         0          0         32          0          0          0   (incl. Generated)
        34          0          2          8          5          0   (incl. Padding)

    ----------------------------------------------------------------------

      Code (inc. data)   RO Data    RW Data    ZI Data      Debug   Library Member Name

        86          0          0          0          0          0   __dczerorl2.o
         0          0          0          0          0          0   entry.o
         0          0          0          0          0          0   entry10a.o
         0          0          0          0          0          0   entry11a.o
         8          4          0          0          0          0   entry2.o
         4          0          0          0          0          0   entry5.o
         0          0          0          0          0          0   entry7b.o
         0          0          0          0          0          0   entry8b.o
         8          4          0          0          0          0   entry9a.o
        30          0          0          0          0          0   handlers.o
        36          8          0          0          0         68   init.o
        30          0          0          0          0         68   llshl.o
        32          0          0          0          0         68   llushr.o
        36          0          0          0          0         68   memcpya.o
        36          0          0          0          0        108   memseta.o
        98          0          0          0          0         92   uldiv.o

    ----------------------------------------------------------------------
       404         16          0          0          0        472   Library Totals
         0          0          0          0          0          0   (incl. Padding)

    ----------------------------------------------------------------------

      Code (inc. data)   RO Data    RW Data    ZI Data      Debug   Library Name

       404         16          0          0          0        472   mc_w.l

    ----------------------------------------------------------------------
       404         16          0          0          0        472   Library Totals

    ----------------------------------------------------------------------

==============================================================================


      Code (inc. data)   RO Data    RW Data    ZI Data      Debug   

     16834       1142       2530       1128       5888     850391   Grand Totals
     16834       1142       2530        320       5888     850391   ELF Image Totals (compressed)
     16834       1142       2530        320          0          0   ROM Totals

==============================================================================

    Total RO  Size (Code + RO Data)                19364 (  18.91kB)
    Total RW  Size (RW Data + ZI Data)              7016 (   6.85kB)
    Total ROM Size (Code + RO Data + RW Data)      19684 (  19.22kB)

==============================================================================

